#
# There is insufficient memory for the Java Runtime Environment to continue.
# Native memory allocation (mmap) failed to map 322961408 bytes. Error detail: G1 virtual space
# Possible reasons:
#   The system is out of physical RAM or swap space
#   This process is running with CompressedOops enabled, and the Java Heap may be blocking the growth of the native heap
# Possible solutions:
#   Reduce memory load on the system
#   Increase physical memory or swap space
#   Check if swap backing store is full
#   Decrease Java heap size (-Xmx/-Xms)
#   Decrease number of Java threads
#   Decrease Java thread stack sizes (-Xss)
#   Set larger code cache with -XX:ReservedCodeCacheSize=
#   JVM is running with Zero Based Compressed Oops mode in which the Java heap is
#     placed in the first 32GB address space. The Java Heap base address is the
#     maximum limit for the native heap growth. Please use -XX:HeapBaseMinAddress
#     to set the Java Heap base and to place the Java Heap above 32GB virtual address.
# This output file may be truncated or incomplete.
#
#  Out of Memory Error (os_windows.cpp:3714), pid=2364, tid=20152
#
# JRE version: OpenJDK Runtime Environment Temurin-21.0.10+7 (21.0.10+7) (build 21.0.10+7-LTS)
# Java VM: OpenJDK 64-Bit Server VM Temurin-21.0.10+7 (21.0.10+7-LTS, mixed mode, tiered, compressed oops, compressed class ptrs, g1 gc, windows-amd64)
# No core dump will be written. Minidumps are not enabled by default on client versions of Windows
#

---------------  S U M M A R Y ------------

Command Line: -Djavax.net.ssl.trustStoreType=WINDOWS-ROOT -Dsun.java2d.d3d=false --add-exports=java.desktop/sun.awt=ALL-UNNAMED --add-opens=java.desktop/java.awt=ALL-UNNAMED -Dfile.encoding=UTF8 com.st.microxplorer.maingui.STM32CubeMX D:\ST\STM Projects\ADC_DAC_Display\ADC_DAC_Display.ioc

Host: AMD Ryzen 7 8845HS w/ Radeon 780M Graphics     , 16 cores, 31G,  Windows 11 , 64 bit Build 26100 (10.0.26100.8328)
Time: Fri Sep 25 20:48:00 2026 elapsed time: 1367.724518 seconds (0d 0h 22m 47s)

---------------  T H R E A D  ---------------

Current thread (0x0000016bfe02f070):  VMThread "VM Thread"          [id=20152, stack(0x0000004e5a800000,0x0000004e5a900000) (1024K)]

Stack: [0x0000004e5a800000,0x0000004e5a900000]
Native frames: (J=compiled Java code, j=interpreted, Vv=VM code, C=native code)
V  [jvm.dll+0x6d7a39]
V  [jvm.dll+0x8b4b26]
V  [jvm.dll+0x8b70de]
V  [jvm.dll+0x8b77c3]
V  [jvm.dll+0x284346]
V  [jvm.dll+0x6d4355]
V  [jvm.dll+0x6c808a]
V  [jvm.dll+0x35edb8]
V  [jvm.dll+0x3669f6]
V  [jvm.dll+0x3b7afe]
V  [jvm.dll+0x3b7da8]
V  [jvm.dll+0x332fbc]
V  [jvm.dll+0x333047]
V  [jvm.dll+0x376e1c]
V  [jvm.dll+0x3755be]
V  [jvm.dll+0x332701]
V  [jvm.dll+0x374c2a]
V  [jvm.dll+0x8bd4b0]
V  [jvm.dll+0x8be824]
V  [jvm.dll+0x8bed50]
V  [jvm.dll+0x8beff3]
V  [jvm.dll+0x85f59d]
V  [jvm.dll+0x6d626d]
C  [ucrtbase.dll+0x37b0]
C  [KERNEL32.DLL+0x2e957]
C  [ntdll.dll+0x427c]

VM_Operation (0x0000004e5d0fef80): G1CollectForAllocation, mode: safepoint, requested by thread 0x0000016b8058b290


---------------  P R O C E S S  ---------------

Threads class SMR info:
_java_thread_list=0x0000016b881a25a0, length=28, elements={
0x0000016bfe0e7910, 0x0000016bfe0e8370, 0x0000016bfe0f9750, 0x0000016bfe0deab0,
0x0000016bfe0db880, 0x0000016bfe0f9dc0, 0x0000016bfe0fed30, 0x0000016bfe0ff7d0,
0x0000016bfe2fa8e0, 0x0000016bfe30f140, 0x0000016bfeee9fe0, 0x0000016bfefa0c20,
0x0000016bff176390, 0x0000016bff176a00, 0x0000016bd471f8d0, 0x0000016b81437780,
0x0000016b814384a0, 0x0000016b814356b0, 0x0000016b81256ce0, 0x0000016b8125bba0,
0x0000016b8125a160, 0x0000016b8125b510, 0x0000016b8125ae80, 0x0000016b8125cf50,
0x0000016bff1d5730, 0x0000016bff1d5e00, 0x0000016bff1d64d0, 0x0000016b8058b290
}

Java Threads: ( => current thread )
  0x0000016bfe0e7910 JavaThread "Reference Handler"          daemon [_thread_blocked, id=312, stack(0x0000004e5a900000,0x0000004e5aa00000) (1024K)]
  0x0000016bfe0e8370 JavaThread "Finalizer"                  daemon [_thread_blocked, id=22460, stack(0x0000004e5aa00000,0x0000004e5ab00000) (1024K)]
  0x0000016bfe0f9750 JavaThread "Signal Dispatcher"          daemon [_thread_blocked, id=22848, stack(0x0000004e5ab00000,0x0000004e5ac00000) (1024K)]
  0x0000016bfe0deab0 JavaThread "Attach Listener"            daemon [_thread_blocked, id=18868, stack(0x0000004e5ac00000,0x0000004e5ad00000) (1024K)]
  0x0000016bfe0db880 JavaThread "Service Thread"             daemon [_thread_blocked, id=18952, stack(0x0000004e5ad00000,0x0000004e5ae00000) (1024K)]
  0x0000016bfe0f9dc0 JavaThread "Monitor Deflation Thread"   daemon [_thread_blocked, id=5604, stack(0x0000004e5ae00000,0x0000004e5af00000) (1024K)]
  0x0000016bfe0fed30 JavaThread "C2 CompilerThread0"         daemon [_thread_blocked, id=8176, stack(0x0000004e5af00000,0x0000004e5b000000) (1024K)]
  0x0000016bfe0ff7d0 JavaThread "C1 CompilerThread0"         daemon [_thread_blocked, id=21640, stack(0x0000004e5b000000,0x0000004e5b100000) (1024K)]
  0x0000016bfe2fa8e0 JavaThread "Notification Thread"        daemon [_thread_blocked, id=19468, stack(0x0000004e5b200000,0x0000004e5b300000) (1024K)]
  0x0000016bfe30f140 JavaThread "Common-Cleaner"             daemon [_thread_blocked, id=19772, stack(0x0000004e5b300000,0x0000004e5b400000) (1024K)]
  0x0000016bfeee9fe0 JavaThread "Java2D Disposer"            daemon [_thread_blocked, id=23272, stack(0x0000004e5b900000,0x0000004e5ba00000) (1024K)]
  0x0000016bfefa0c20 JavaThread "AWT-Windows"                daemon [_thread_blocked, id=23376, stack(0x0000004e5c800000,0x0000004e5c900000) (1024K)]
  0x0000016bff176390 JavaThread "AWT-Shutdown"                      [_thread_blocked, id=22096, stack(0x0000004e5ca00000,0x0000004e5cb00000) (1024K)]
  0x0000016bff176a00 JavaThread "AWT-EventQueue-0"                  [_thread_blocked, id=20204, stack(0x0000004e5cb00000,0x0000004e5cc00000) (1024K)]
  0x0000016bd471f8d0 JavaThread "DestroyJavaVM"                     [_thread_blocked, id=11100, stack(0x0000004e5a100000,0x0000004e5a200000) (1024K)]
  0x0000016b81437780 JavaThread "TimerQueue"                 daemon [_thread_blocked, id=21560, stack(0x0000004e5ce00000,0x0000004e5cf00000) (1024K)]
  0x0000016b814384a0 JavaThread "pool-2-thread-1"                   [_thread_blocked, id=6012, stack(0x0000004e5d900000,0x0000004e5da00000) (1024K)]
  0x0000016b814356b0 JavaThread "SwingWorker-pool-4-thread-1" daemon [_thread_blocked, id=20744, stack(0x0000004e5b700000,0x0000004e5b800000) (1024K)]
  0x0000016b81256ce0 JavaThread "SwingWorker-pool-4-thread-2" daemon [_thread_blocked, id=5820, stack(0x0000004e5a000000,0x0000004e5a100000) (1024K)]
  0x0000016b8125bba0 JavaThread "Thread-2758"                       [_thread_blocked, id=22300, stack(0x0000004e59f00000,0x0000004e5a000000) (1024K)]
  0x0000016b8125a160 JavaThread "Thread-2759"                       [_thread_blocked, id=22720, stack(0x0000004e5b100000,0x0000004e5b200000) (1024K)]
  0x0000016b8125b510 JavaThread "Thread-2760"                       [_thread_blocked, id=21776, stack(0x0000004e5b400000,0x0000004e5b500000) (1024K)]
  0x0000016b8125ae80 JavaThread "Thread-2761"                       [_thread_blocked, id=18308, stack(0x0000004e5b500000,0x0000004e5b600000) (1024K)]
  0x0000016b8125cf50 JavaThread "Image Fetcher 0"            daemon [_thread_blocked, id=21824, stack(0x0000004e5c700000,0x0000004e5c800000) (1024K)]
  0x0000016bff1d5730 JavaThread "C1 CompilerThread1"         daemon [_thread_blocked, id=15580, stack(0x0000004e5cc00000,0x0000004e5cd00000) (1024K)]
  0x0000016bff1d5e00 JavaThread "C1 CompilerThread2"         daemon [_thread_blocked, id=23036, stack(0x0000004e5cd00000,0x0000004e5ce00000) (1024K)]
  0x0000016bff1d64d0 JavaThread "C1 CompilerThread3"         daemon [_thread_blocked, id=480, stack(0x0000004e5cf00000,0x0000004e5d000000) (1024K)]
  0x0000016b8058b290 JavaThread "Thread-8502"                       [_thread_blocked, id=1960, stack(0x0000004e5d000000,0x0000004e5d100000) (1024K)]
Total: 28

Other Threads:
=>0x0000016bfe02f070 VMThread "VM Thread"                           [id=20152, stack(0x0000004e5a800000,0x0000004e5a900000) (1024K)]
  0x0000016bf91d88d0 WatcherThread "VM Periodic Task Thread"        [id=20660, stack(0x0000004e5a700000,0x0000004e5a800000) (1024K)]
  0x0000016bd47c3480 WorkerThread "GC Thread#0"                     [id=23000, stack(0x0000004e5a200000,0x0000004e5a300000) (1024K)]
  0x0000016bff30b760 WorkerThread "GC Thread#1"                     [id=7076, stack(0x0000004e5ba00000,0x0000004e5bb00000) (1024K)]
  0x0000016bff30bb10 WorkerThread "GC Thread#2"                     [id=11360, stack(0x0000004e5bb00000,0x0000004e5bc00000) (1024K)]
  0x0000016bff0add90 WorkerThread "GC Thread#3"                     [id=22268, stack(0x0000004e5bc00000,0x0000004e5bd00000) (1024K)]
  0x0000016bfe92c140 WorkerThread "GC Thread#4"                     [id=20220, stack(0x0000004e5bd00000,0x0000004e5be00000) (1024K)]
  0x0000016bfe92cd00 WorkerThread "GC Thread#5"                     [id=22396, stack(0x0000004e5be00000,0x0000004e5bf00000) (1024K)]
  0x0000016bfeda9e00 WorkerThread "GC Thread#6"                     [id=2712, stack(0x0000004e5bf00000,0x0000004e5c000000) (1024K)]
  0x0000016bfec7f390 WorkerThread "GC Thread#7"                     [id=22236, stack(0x0000004e5c000000,0x0000004e5c100000) (1024K)]
  0x0000016bfec7f740 WorkerThread "GC Thread#8"                     [id=8772, stack(0x0000004e5c100000,0x0000004e5c200000) (1024K)]
  0x0000016bfe83a4f0 WorkerThread "GC Thread#9"                     [id=2832, stack(0x0000004e5c200000,0x0000004e5c300000) (1024K)]
  0x0000016bfe83a8a0 WorkerThread "GC Thread#10"                    [id=22180, stack(0x0000004e5c300000,0x0000004e5c400000) (1024K)]
  0x0000016bfe83ac50 WorkerThread "GC Thread#11"                    [id=4308, stack(0x0000004e5c400000,0x0000004e5c500000) (1024K)]
  0x0000016bff7ade40 WorkerThread "GC Thread#12"                    [id=1592, stack(0x0000004e5c900000,0x0000004e5ca00000) (1024K)]
  0x0000016bd47d4d00 ConcurrentGCThread "G1 Main Marker"            [id=21936, stack(0x0000004e5a300000,0x0000004e5a400000) (1024K)]
  0x0000016bd47d5fb0 WorkerThread "G1 Conc#0"                       [id=22160, stack(0x0000004e5a400000,0x0000004e5a500000) (1024K)]
  0x0000016bfe83a140 WorkerThread "G1 Conc#1"                       [id=23336, stack(0x0000004e5c500000,0x0000004e5c600000) (1024K)]
  0x0000016bfe839630 WorkerThread "G1 Conc#2"                       [id=20468, stack(0x0000004e5c600000,0x0000004e5c700000) (1024K)]
  0x0000016bf90aac70 ConcurrentGCThread "G1 Refine#0"               [id=21680, stack(0x0000004e5a500000,0x0000004e5a600000) (1024K)]
  0x0000016bf90ab7f0 ConcurrentGCThread "G1 Service"                [id=5944, stack(0x0000004e5a600000,0x0000004e5a700000) (1024K)]
Total: 21

Threads with active compile tasks:
Total: 0

VM state: at safepoint (normal execution)

VM Mutex/Monitor currently owned by a thread:  ([mutex/lock_event])
[0x00007ffea56fe560] Threads_lock - owner thread: 0x0000016bfe02f070
[0x00007ffea56fe660] Heap_lock - owner thread: 0x0000016b8058b290

Heap address: 0x000000060bc00000, size: 8004 MB, Compressed Oops mode: Zero based, Oop shift amount: 3

CDS archive(s) not mapped
Compressed class space mapped at: 0x0000000800000000-0x0000000840000000, reserved size: 1073741824
Narrow klass base: 0x0000000800000000, Narrow klass shift: 0, Narrow klass range: 0x40000000

GC Precious Log:
 CardTable entry size: 512
 Card Set container configuration: InlinePtr #cards 4 size 8 Array Of Cards #cards 32 size 80 Howl #buckets 8 coarsen threshold 7372 Howl Bitmap #cards 1024 size 144 coarsen threshold 921 Card regions per heap region 1 cards per card region 8192
 CPUs: 16 total, 16 available
 Memory: 32000M
 Large Page Support: Disabled
 NUMA Support: Disabled
 Compressed Oops: Enabled (Zero based)
 Heap Region Size: 4M
 Heap Min Capacity: 8M
 Heap Initial Capacity: 504M
 Heap Max Capacity: 8004M
 Pre-touch: Disabled
 Parallel Workers: 13
 Concurrent Workers: 3
 Concurrent Refinement Workers: 13
 Periodic GC: Disabled

Heap:
 garbage-first heap   total 1007616K, used 170081K [0x000000060bc00000, 0x0000000800000000)
  region size 4096K, 1 young (4096K), 1 survivors (4096K)
 Metaspace       used 96745K, committed 98048K, reserved 1179648K
  class space    used 10346K, committed 10944K, reserved 1048576K

Heap Regions: E=young(eden), S=young(survivor), O=old, HS=humongous(starts), HC=humongous(continues), CS=collection set, F=free, TAMS=top-at-mark-start, PB=parsable bottom
|   0|0x000000060bc00000, 0x000000060c000000, 0x000000060c000000|100%|HS|  |TAMS 0x000000060bc00000| PB 0x000000060bc00000| Complete 
|   1|0x000000060c000000, 0x000000060c400000, 0x000000060c400000|100%|HC|  |TAMS 0x000000060c000000| PB 0x000000060c000000| Complete 
|   2|0x000000060c400000, 0x000000060c7ecd88, 0x000000060c800000| 98%| O|  |TAMS 0x000000060c400000| PB 0x000000060c400000| Untracked 
|   3|0x000000060c800000, 0x000000060cc00000, 0x000000060cc00000|100%| O|  |TAMS 0x000000060c800000| PB 0x000000060c800000| Untracked 
|   4|0x000000060cc00000, 0x000000060d000000, 0x000000060d000000|100%| O|  |TAMS 0x000000060cc00000| PB 0x000000060cc00000| Untracked 
|   5|0x000000060d000000, 0x000000060d400000, 0x000000060d400000|100%| O|  |TAMS 0x000000060d000000| PB 0x000000060d000000| Untracked 
|   6|0x000000060d400000, 0x000000060d800000, 0x000000060d800000|100%| O|  |TAMS 0x000000060d400000| PB 0x000000060d400000| Untracked 
|   7|0x000000060d800000, 0x000000060dc00000, 0x000000060dc00000|100%| O|  |TAMS 0x000000060d800000| PB 0x000000060d800000| Untracked 
|   8|0x000000060dc00000, 0x000000060e000000, 0x000000060e000000|100%| O|  |TAMS 0x000000060dc00000| PB 0x000000060dc00000| Untracked 
|   9|0x000000060e000000, 0x000000060e400000, 0x000000060e400000|100%| O|  |TAMS 0x000000060e000000| PB 0x000000060e000000| Untracked 
|  10|0x000000060e400000, 0x000000060e800000, 0x000000060e800000|100%| O|  |TAMS 0x000000060e400000| PB 0x000000060e400000| Untracked 
|  11|0x000000060e800000, 0x000000060ec00000, 0x000000060ec00000|100%|HS|  |TAMS 0x000000060e800000| PB 0x000000060e800000| Complete 
|  12|0x000000060ec00000, 0x000000060f000000, 0x000000060f000000|100%| O|  |TAMS 0x000000060ec00000| PB 0x000000060ec00000| Untracked 
|  13|0x000000060f000000, 0x000000060f400000, 0x000000060f400000|100%|HS|  |TAMS 0x000000060f000000| PB 0x000000060f000000| Complete 
|  14|0x000000060f400000, 0x000000060f800000, 0x000000060f800000|100%|HS|  |TAMS 0x000000060f400000| PB 0x000000060f400000| Complete 
|  15|0x000000060f800000, 0x000000060fc00000, 0x000000060fc00000|100%|HS|  |TAMS 0x000000060f800000| PB 0x000000060f800000| Complete 
|  16|0x000000060fc00000, 0x0000000610000000, 0x0000000610000000|100%| O|  |TAMS 0x000000060fc00000| PB 0x000000060fc00000| Untracked 
|  17|0x0000000610000000, 0x0000000610400000, 0x0000000610400000|100%|HS|  |TAMS 0x0000000610000000| PB 0x0000000610000000| Complete 
|  18|0x0000000610400000, 0x0000000610800000, 0x0000000610800000|100%|HC|  |TAMS 0x0000000610400000| PB 0x0000000610400000| Complete 
|  19|0x0000000610800000, 0x0000000610c00000, 0x0000000610c00000|100%| O|  |TAMS 0x0000000610800000| PB 0x0000000610800000| Untracked 
|  20|0x0000000610c00000, 0x0000000611000000, 0x0000000611000000|100%|HS|  |TAMS 0x0000000610c00000| PB 0x0000000610c00000| Complete 
|  21|0x0000000611000000, 0x0000000611400000, 0x0000000611400000|100%|HC|  |TAMS 0x0000000611000000| PB 0x0000000611000000| Complete 
|  22|0x0000000611400000, 0x0000000611800000, 0x0000000611800000|100%| O|  |TAMS 0x0000000611400000| PB 0x0000000611400000| Untracked 
|  23|0x0000000611800000, 0x0000000611c00000, 0x0000000611c00000|100%| O|  |TAMS 0x0000000611800000| PB 0x0000000611800000| Untracked 
|  24|0x0000000611c00000, 0x0000000612000000, 0x0000000612000000|100%| O|  |TAMS 0x0000000611c00000| PB 0x0000000611c00000| Untracked 
|  25|0x0000000612000000, 0x0000000612400000, 0x0000000612400000|100%| O|  |TAMS 0x0000000612000000| PB 0x0000000612000000| Untracked 
|  26|0x0000000612400000, 0x0000000612800000, 0x0000000612800000|100%| O|  |TAMS 0x0000000612400000| PB 0x0000000612400000| Untracked 
|  27|0x0000000612800000, 0x0000000612c00000, 0x0000000612c00000|100%| O|  |TAMS 0x0000000612800000| PB 0x0000000612800000| Untracked 
|  28|0x0000000612c00000, 0x0000000613000000, 0x0000000613000000|100%| O|  |TAMS 0x0000000612c00000| PB 0x0000000612c00000| Untracked 
|  29|0x0000000613000000, 0x0000000613400000, 0x0000000613400000|100%| O|  |TAMS 0x0000000613000000| PB 0x0000000613000000| Untracked 
|  30|0x0000000613400000, 0x0000000613800000, 0x0000000613800000|100%|HS|  |TAMS 0x0000000613400000| PB 0x0000000613400000| Complete 
|  31|0x0000000613800000, 0x0000000613c00000, 0x0000000613c00000|100%|HC|  |TAMS 0x0000000613800000| PB 0x0000000613800000| Complete 
|  32|0x0000000613c00000, 0x0000000614000000, 0x0000000614000000|100%|HC|  |TAMS 0x0000000613c00000| PB 0x0000000613c00000| Complete 
|  33|0x0000000614000000, 0x0000000614400000, 0x0000000614400000|100%|HC|  |TAMS 0x0000000614000000| PB 0x0000000614000000| Complete 
|  34|0x0000000614400000, 0x0000000614800000, 0x0000000614800000|100%| O|  |TAMS 0x0000000614400000| PB 0x0000000614400000| Untracked 
|  35|0x0000000614800000, 0x0000000614c00000, 0x0000000614c00000|100%| O|  |TAMS 0x0000000614800000| PB 0x0000000614800000| Untracked 
|  36|0x0000000614c00000, 0x0000000615000000, 0x0000000615000000|100%| O|  |TAMS 0x0000000614c00000| PB 0x0000000614c00000| Untracked 
|  37|0x0000000615000000, 0x0000000615400000, 0x0000000615400000|100%| O|  |TAMS 0x0000000615000000| PB 0x0000000615000000| Untracked 
|  38|0x0000000615400000, 0x0000000615800000, 0x0000000615800000|100%| O|  |TAMS 0x0000000615400000| PB 0x0000000615400000| Untracked 
|  39|0x0000000615800000, 0x0000000615c00000, 0x0000000615c00000|100%| O|  |TAMS 0x0000000615800000| PB 0x0000000615800000| Untracked 
|  40|0x0000000615c00000, 0x0000000615e9e9e8, 0x0000000616000000| 65%| O|  |TAMS 0x0000000615c00000| PB 0x0000000615c00000| Untracked 
|  41|0x0000000616000000, 0x0000000616000000, 0x0000000616400000|  0%| F|  |TAMS 0x0000000616000000| PB 0x0000000616000000| Untracked 
|  42|0x0000000616400000, 0x0000000616400000, 0x0000000616800000|  0%| F|  |TAMS 0x0000000616400000| PB 0x0000000616400000| Untracked 
|  43|0x0000000616800000, 0x0000000616800000, 0x0000000616c00000|  0%| F|  |TAMS 0x0000000616800000| PB 0x0000000616800000| Untracked 
|  44|0x0000000616c00000, 0x0000000616c00000, 0x0000000617000000|  0%| F|  |TAMS 0x0000000616c00000| PB 0x0000000616c00000| Untracked 
|  45|0x0000000617000000, 0x0000000617000000, 0x0000000617400000|  0%| F|  |TAMS 0x0000000617000000| PB 0x0000000617000000| Untracked 
|  46|0x0000000617400000, 0x0000000617400000, 0x0000000617800000|  0%| F|  |TAMS 0x0000000617400000| PB 0x0000000617400000| Untracked 
|  47|0x0000000617800000, 0x0000000617800000, 0x0000000617c00000|  0%| F|  |TAMS 0x0000000617800000| PB 0x0000000617800000| Untracked 
|  48|0x0000000617c00000, 0x0000000617c00000, 0x0000000618000000|  0%| F|  |TAMS 0x0000000617c00000| PB 0x0000000617c00000| Untracked 
|  49|0x0000000618000000, 0x0000000618000000, 0x0000000618400000|  0%| F|  |TAMS 0x0000000618000000| PB 0x0000000618000000| Untracked 
|  50|0x0000000618400000, 0x0000000618400000, 0x0000000618800000|  0%| F|  |TAMS 0x0000000618400000| PB 0x0000000618400000| Untracked 
|  51|0x0000000618800000, 0x0000000618800000, 0x0000000618c00000|  0%| F|  |TAMS 0x0000000618800000| PB 0x0000000618800000| Untracked 
|  52|0x0000000618c00000, 0x0000000618c00000, 0x0000000619000000|  0%| F|  |TAMS 0x0000000618c00000| PB 0x0000000618c00000| Untracked 
|  53|0x0000000619000000, 0x0000000619000000, 0x0000000619400000|  0%| F|  |TAMS 0x0000000619000000| PB 0x0000000619000000| Untracked 
|  54|0x0000000619400000, 0x0000000619400000, 0x0000000619800000|  0%| F|  |TAMS 0x0000000619400000| PB 0x0000000619400000| Untracked 
|  55|0x0000000619800000, 0x0000000619800000, 0x0000000619c00000|  0%| F|  |TAMS 0x0000000619800000| PB 0x0000000619800000| Untracked 
|  56|0x0000000619c00000, 0x0000000619c00000, 0x000000061a000000|  0%| F|  |TAMS 0x0000000619c00000| PB 0x0000000619c00000| Untracked 
|  57|0x000000061a000000, 0x000000061a000000, 0x000000061a400000|  0%| F|  |TAMS 0x000000061a000000| PB 0x000000061a000000| Untracked 
|  58|0x000000061a400000, 0x000000061a400000, 0x000000061a800000|  0%| F|  |TAMS 0x000000061a400000| PB 0x000000061a400000| Untracked 
|  59|0x000000061a800000, 0x000000061a800000, 0x000000061ac00000|  0%| F|  |TAMS 0x000000061a800000| PB 0x000000061a800000| Untracked 
|  60|0x000000061ac00000, 0x000000061ac00000, 0x000000061b000000|  0%| F|  |TAMS 0x000000061ac00000| PB 0x000000061ac00000| Untracked 
|  61|0x000000061b000000, 0x000000061b000000, 0x000000061b400000|  0%| F|  |TAMS 0x000000061b000000| PB 0x000000061b000000| Untracked 
|  62|0x000000061b400000, 0x000000061b400000, 0x000000061b800000|  0%| F|  |TAMS 0x000000061b400000| PB 0x000000061b400000| Untracked 
|  63|0x000000061b800000, 0x000000061b800000, 0x000000061bc00000|  0%| F|  |TAMS 0x000000061b800000| PB 0x000000061b800000| Untracked 
|  64|0x000000061bc00000, 0x000000061bc00000, 0x000000061c000000|  0%| F|  |TAMS 0x000000061bc00000| PB 0x000000061bc00000| Untracked 
|  65|0x000000061c000000, 0x000000061c000000, 0x000000061c400000|  0%| F|  |TAMS 0x000000061c000000| PB 0x000000061c000000| Untracked 
|  66|0x000000061c400000, 0x000000061c400000, 0x000000061c800000|  0%| F|  |TAMS 0x000000061c400000| PB 0x000000061c400000| Untracked 
|  67|0x000000061c800000, 0x000000061c800000, 0x000000061cc00000|  0%| F|  |TAMS 0x000000061c800000| PB 0x000000061c800000| Untracked 
|  68|0x000000061cc00000, 0x000000061cc00000, 0x000000061d000000|  0%| F|  |TAMS 0x000000061cc00000| PB 0x000000061cc00000| Untracked 
|  69|0x000000061d000000, 0x000000061d000000, 0x000000061d400000|  0%| F|  |TAMS 0x000000061d000000| PB 0x000000061d000000| Untracked 
|  70|0x000000061d400000, 0x000000061d400000, 0x000000061d800000|  0%| F|  |TAMS 0x000000061d400000| PB 0x000000061d400000| Untracked 
|  71|0x000000061d800000, 0x000000061d800000, 0x000000061dc00000|  0%| F|  |TAMS 0x000000061d800000| PB 0x000000061d800000| Untracked 
|  72|0x000000061dc00000, 0x000000061dc00000, 0x000000061e000000|  0%| F|  |TAMS 0x000000061dc00000| PB 0x000000061dc00000| Untracked 
|  73|0x000000061e000000, 0x000000061e000000, 0x000000061e400000|  0%| F|  |TAMS 0x000000061e000000| PB 0x000000061e000000| Untracked 
|  74|0x000000061e400000, 0x000000061e400000, 0x000000061e800000|  0%| F|  |TAMS 0x000000061e400000| PB 0x000000061e400000| Untracked 
|  75|0x000000061e800000, 0x000000061e800000, 0x000000061ec00000|  0%| F|  |TAMS 0x000000061e800000| PB 0x000000061e800000| Untracked 
|  76|0x000000061ec00000, 0x000000061ec00000, 0x000000061f000000|  0%| F|  |TAMS 0x000000061ec00000| PB 0x000000061ec00000| Untracked 
|  77|0x000000061f000000, 0x000000061f000000, 0x000000061f400000|  0%| F|  |TAMS 0x000000061f000000| PB 0x000000061f000000| Untracked 
|  78|0x000000061f400000, 0x000000061f400000, 0x000000061f800000|  0%| F|  |TAMS 0x000000061f400000| PB 0x000000061f400000| Untracked 
|  79|0x000000061f800000, 0x000000061f800000, 0x000000061fc00000|  0%| F|  |TAMS 0x000000061f800000| PB 0x000000061f800000| Untracked 
|  80|0x000000061fc00000, 0x000000061fc00000, 0x0000000620000000|  0%| F|  |TAMS 0x000000061fc00000| PB 0x000000061fc00000| Untracked 
|  81|0x0000000620000000, 0x0000000620000000, 0x0000000620400000|  0%| F|  |TAMS 0x0000000620000000| PB 0x0000000620000000| Untracked 
|  82|0x0000000620400000, 0x0000000620400000, 0x0000000620800000|  0%| F|  |TAMS 0x0000000620400000| PB 0x0000000620400000| Untracked 
|  83|0x0000000620800000, 0x0000000620800000, 0x0000000620c00000|  0%| F|  |TAMS 0x0000000620800000| PB 0x0000000620800000| Untracked 
|  84|0x0000000620c00000, 0x0000000620c00000, 0x0000000621000000|  0%| F|  |TAMS 0x0000000620c00000| PB 0x0000000620c00000| Untracked 
|  85|0x0000000621000000, 0x0000000621000000, 0x0000000621400000|  0%| F|  |TAMS 0x0000000621000000| PB 0x0000000621000000| Untracked 
|  86|0x0000000621400000, 0x0000000621400000, 0x0000000621800000|  0%| F|  |TAMS 0x0000000621400000| PB 0x0000000621400000| Untracked 
|  87|0x0000000621800000, 0x0000000621800000, 0x0000000621c00000|  0%| F|  |TAMS 0x0000000621800000| PB 0x0000000621800000| Untracked 
|  88|0x0000000621c00000, 0x0000000621c00000, 0x0000000622000000|  0%| F|  |TAMS 0x0000000621c00000| PB 0x0000000621c00000| Untracked 
|  89|0x0000000622000000, 0x0000000622000000, 0x0000000622400000|  0%| F|  |TAMS 0x0000000622000000| PB 0x0000000622000000| Untracked 
|  90|0x0000000622400000, 0x0000000622400000, 0x0000000622800000|  0%| F|  |TAMS 0x0000000622400000| PB 0x0000000622400000| Untracked 
|  91|0x0000000622800000, 0x0000000622800000, 0x0000000622c00000|  0%| F|  |TAMS 0x0000000622800000| PB 0x0000000622800000| Untracked 
|  92|0x0000000622c00000, 0x0000000622c00000, 0x0000000623000000|  0%| F|  |TAMS 0x0000000622c00000| PB 0x0000000622c00000| Untracked 
|  93|0x0000000623000000, 0x0000000623000000, 0x0000000623400000|  0%| F|  |TAMS 0x0000000623000000| PB 0x0000000623000000| Untracked 
|  94|0x0000000623400000, 0x0000000623400000, 0x0000000623800000|  0%| F|  |TAMS 0x0000000623400000| PB 0x0000000623400000| Untracked 
|  95|0x0000000623800000, 0x0000000623800000, 0x0000000623c00000|  0%| F|  |TAMS 0x0000000623800000| PB 0x0000000623800000| Untracked 
|  96|0x0000000623c00000, 0x0000000623c00000, 0x0000000624000000|  0%| F|  |TAMS 0x0000000623c00000| PB 0x0000000623c00000| Untracked 
|  97|0x0000000624000000, 0x0000000624000000, 0x0000000624400000|  0%| F|  |TAMS 0x0000000624000000| PB 0x0000000624000000| Untracked 
|  98|0x0000000624400000, 0x000000062478ceb0, 0x0000000624800000| 88%| S|CS|TAMS 0x0000000624400000| PB 0x0000000624400000| Complete 
|  99|0x0000000624800000, 0x0000000624800000, 0x0000000624c00000|  0%| F|  |TAMS 0x0000000624800000| PB 0x0000000624800000| Untracked 
| 100|0x0000000624c00000, 0x0000000624c00000, 0x0000000625000000|  0%| F|  |TAMS 0x0000000624c00000| PB 0x0000000624c00000| Untracked 
| 101|0x0000000625000000, 0x0000000625000000, 0x0000000625400000|  0%| F|  |TAMS 0x0000000625000000| PB 0x0000000625000000| Untracked 
| 102|0x0000000625400000, 0x0000000625400000, 0x0000000625800000|  0%| F|  |TAMS 0x0000000625400000| PB 0x0000000625400000| Untracked 
| 103|0x0000000625800000, 0x0000000625800000, 0x0000000625c00000|  0%| F|  |TAMS 0x0000000625800000| PB 0x0000000625800000| Untracked 
| 104|0x0000000625c00000, 0x0000000625c00000, 0x0000000626000000|  0%| F|  |TAMS 0x0000000625c00000| PB 0x0000000625c00000| Untracked 
| 105|0x0000000626000000, 0x0000000626000000, 0x0000000626400000|  0%| F|  |TAMS 0x0000000626000000| PB 0x0000000626000000| Untracked 
| 106|0x0000000626400000, 0x0000000626400000, 0x0000000626800000|  0%| F|  |TAMS 0x0000000626400000| PB 0x0000000626400000| Untracked 
| 107|0x0000000626800000, 0x0000000626800000, 0x0000000626c00000|  0%| F|  |TAMS 0x0000000626800000| PB 0x0000000626800000| Untracked 
| 108|0x0000000626c00000, 0x0000000626c00000, 0x0000000627000000|  0%| F|  |TAMS 0x0000000626c00000| PB 0x0000000626c00000| Untracked 
| 109|0x0000000627000000, 0x0000000627000000, 0x0000000627400000|  0%| F|  |TAMS 0x0000000627000000| PB 0x0000000627000000| Untracked 
| 110|0x0000000627400000, 0x0000000627400000, 0x0000000627800000|  0%| F|  |TAMS 0x0000000627400000| PB 0x0000000627400000| Untracked 
| 111|0x0000000627800000, 0x0000000627800000, 0x0000000627c00000|  0%| F|  |TAMS 0x0000000627800000| PB 0x0000000627800000| Untracked 
| 112|0x0000000627c00000, 0x0000000627c00000, 0x0000000628000000|  0%| F|  |TAMS 0x0000000627c00000| PB 0x0000000627c00000| Untracked 
| 113|0x0000000628000000, 0x0000000628000000, 0x0000000628400000|  0%| F|  |TAMS 0x0000000628000000| PB 0x0000000628000000| Untracked 
| 114|0x0000000628400000, 0x0000000628400000, 0x0000000628800000|  0%| F|  |TAMS 0x0000000628400000| PB 0x0000000628400000| Untracked 
| 115|0x0000000628800000, 0x0000000628800000, 0x0000000628c00000|  0%| F|  |TAMS 0x0000000628800000| PB 0x0000000628800000| Untracked 
| 116|0x0000000628c00000, 0x0000000628c00000, 0x0000000629000000|  0%| F|  |TAMS 0x0000000628c00000| PB 0x0000000628c00000| Untracked 
| 117|0x0000000629000000, 0x0000000629000000, 0x0000000629400000|  0%| F|  |TAMS 0x0000000629000000| PB 0x0000000629000000| Untracked 
| 118|0x0000000629400000, 0x0000000629400000, 0x0000000629800000|  0%| F|  |TAMS 0x0000000629400000| PB 0x0000000629400000| Untracked 
| 119|0x0000000629800000, 0x0000000629800000, 0x0000000629c00000|  0%| F|  |TAMS 0x0000000629800000| PB 0x0000000629800000| Untracked 
| 120|0x0000000629c00000, 0x0000000629c00000, 0x000000062a000000|  0%| F|  |TAMS 0x0000000629c00000| PB 0x0000000629c00000| Untracked 
| 121|0x000000062a000000, 0x000000062a000000, 0x000000062a400000|  0%| F|  |TAMS 0x000000062a000000| PB 0x000000062a000000| Untracked 
| 122|0x000000062a400000, 0x000000062a400000, 0x000000062a800000|  0%| F|  |TAMS 0x000000062a400000| PB 0x000000062a400000| Untracked 
| 123|0x000000062a800000, 0x000000062a800000, 0x000000062ac00000|  0%| F|  |TAMS 0x000000062a800000| PB 0x000000062a800000| Untracked 
| 124|0x000000062ac00000, 0x000000062ac00000, 0x000000062b000000|  0%| F|  |TAMS 0x000000062ac00000| PB 0x000000062ac00000| Untracked 
| 125|0x000000062b000000, 0x000000062b000000, 0x000000062b400000|  0%| F|  |TAMS 0x000000062b000000| PB 0x000000062b000000| Untracked 
| 126|0x000000062b400000, 0x000000062b400000, 0x000000062b800000|  0%| F|  |TAMS 0x000000062b400000| PB 0x000000062b400000| Untracked 
| 127|0x000000062b800000, 0x000000062b800000, 0x000000062bc00000|  0%| F|  |TAMS 0x000000062b800000| PB 0x000000062b800000| Untracked 
| 128|0x000000062bc00000, 0x000000062bc00000, 0x000000062c000000|  0%| F|  |TAMS 0x000000062bc00000| PB 0x000000062bc00000| Untracked 
| 129|0x000000062c000000, 0x000000062c000000, 0x000000062c400000|  0%| F|  |TAMS 0x000000062c000000| PB 0x000000062c000000| Untracked 
| 130|0x000000062c400000, 0x000000062c400000, 0x000000062c800000|  0%| F|  |TAMS 0x000000062c400000| PB 0x000000062c400000| Untracked 
| 131|0x000000062c800000, 0x000000062c800000, 0x000000062cc00000|  0%| F|  |TAMS 0x000000062c800000| PB 0x000000062c800000| Untracked 
| 132|0x000000062cc00000, 0x000000062cc00000, 0x000000062d000000|  0%| F|  |TAMS 0x000000062cc00000| PB 0x000000062cc00000| Untracked 
| 133|0x000000062d000000, 0x000000062d000000, 0x000000062d400000|  0%| F|  |TAMS 0x000000062d000000| PB 0x000000062d000000| Untracked 
| 134|0x000000062d400000, 0x000000062d400000, 0x000000062d800000|  0%| F|  |TAMS 0x000000062d400000| PB 0x000000062d400000| Untracked 
| 135|0x000000062d800000, 0x000000062d800000, 0x000000062dc00000|  0%| F|  |TAMS 0x000000062d800000| PB 0x000000062d800000| Untracked 
| 136|0x000000062dc00000, 0x000000062dc00000, 0x000000062e000000|  0%| F|  |TAMS 0x000000062dc00000| PB 0x000000062dc00000| Untracked 
| 137|0x000000062e000000, 0x000000062e000000, 0x000000062e400000|  0%| F|  |TAMS 0x000000062e000000| PB 0x000000062e000000| Untracked 
| 138|0x000000062e400000, 0x000000062e400000, 0x000000062e800000|  0%| F|  |TAMS 0x000000062e400000| PB 0x000000062e400000| Untracked 
| 139|0x000000062e800000, 0x000000062e800000, 0x000000062ec00000|  0%| F|  |TAMS 0x000000062e800000| PB 0x000000062e800000| Untracked 
| 140|0x000000062ec00000, 0x000000062ec00000, 0x000000062f000000|  0%| F|  |TAMS 0x000000062ec00000| PB 0x000000062ec00000| Untracked 
| 141|0x000000062f000000, 0x000000062f000000, 0x000000062f400000|  0%| F|  |TAMS 0x000000062f000000| PB 0x000000062f000000| Untracked 
| 142|0x000000062f400000, 0x000000062f400000, 0x000000062f800000|  0%| F|  |TAMS 0x000000062f400000| PB 0x000000062f400000| Untracked 
| 143|0x000000062f800000, 0x000000062f800000, 0x000000062fc00000|  0%| F|  |TAMS 0x000000062f800000| PB 0x000000062f800000| Untracked 
| 144|0x000000062fc00000, 0x000000062fc00000, 0x0000000630000000|  0%| F|  |TAMS 0x000000062fc00000| PB 0x000000062fc00000| Untracked 
| 145|0x0000000630000000, 0x0000000630000000, 0x0000000630400000|  0%| F|  |TAMS 0x0000000630000000| PB 0x0000000630000000| Untracked 
| 146|0x0000000630400000, 0x0000000630400000, 0x0000000630800000|  0%| F|  |TAMS 0x0000000630400000| PB 0x0000000630400000| Untracked 
| 147|0x0000000630800000, 0x0000000630800000, 0x0000000630c00000|  0%| F|  |TAMS 0x0000000630800000| PB 0x0000000630800000| Untracked 
| 148|0x0000000630c00000, 0x0000000630c00000, 0x0000000631000000|  0%| F|  |TAMS 0x0000000630c00000| PB 0x0000000630c00000| Untracked 
| 149|0x0000000631000000, 0x0000000631000000, 0x0000000631400000|  0%| F|  |TAMS 0x0000000631000000| PB 0x0000000631000000| Untracked 
| 150|0x0000000631400000, 0x0000000631400000, 0x0000000631800000|  0%| F|  |TAMS 0x0000000631400000| PB 0x0000000631400000| Untracked 
| 151|0x0000000631800000, 0x0000000631800000, 0x0000000631c00000|  0%| F|  |TAMS 0x0000000631800000| PB 0x0000000631800000| Untracked 
| 152|0x0000000631c00000, 0x0000000631c00000, 0x0000000632000000|  0%| F|  |TAMS 0x0000000631c00000| PB 0x0000000631c00000| Untracked 
| 153|0x0000000632000000, 0x0000000632000000, 0x0000000632400000|  0%| F|  |TAMS 0x0000000632000000| PB 0x0000000632000000| Untracked 
| 154|0x0000000632400000, 0x0000000632400000, 0x0000000632800000|  0%| F|  |TAMS 0x0000000632400000| PB 0x0000000632400000| Untracked 
| 155|0x0000000632800000, 0x0000000632800000, 0x0000000632c00000|  0%| F|  |TAMS 0x0000000632800000| PB 0x0000000632800000| Untracked 
| 156|0x0000000632c00000, 0x0000000632c00000, 0x0000000633000000|  0%| F|  |TAMS 0x0000000632c00000| PB 0x0000000632c00000| Untracked 
| 157|0x0000000633000000, 0x0000000633000000, 0x0000000633400000|  0%| F|  |TAMS 0x0000000633000000| PB 0x0000000633000000| Untracked 
| 158|0x0000000633400000, 0x0000000633400000, 0x0000000633800000|  0%| F|  |TAMS 0x0000000633400000| PB 0x0000000633400000| Untracked 
| 159|0x0000000633800000, 0x0000000633800000, 0x0000000633c00000|  0%| F|  |TAMS 0x0000000633800000| PB 0x0000000633800000| Untracked 
| 160|0x0000000633c00000, 0x0000000633c00000, 0x0000000634000000|  0%| F|  |TAMS 0x0000000633c00000| PB 0x0000000633c00000| Untracked 
| 161|0x0000000634000000, 0x0000000634000000, 0x0000000634400000|  0%| F|  |TAMS 0x0000000634000000| PB 0x0000000634000000| Untracked 
| 162|0x0000000634400000, 0x0000000634400000, 0x0000000634800000|  0%| F|  |TAMS 0x0000000634400000| PB 0x0000000634400000| Untracked 
| 163|0x0000000634800000, 0x0000000634800000, 0x0000000634c00000|  0%| F|  |TAMS 0x0000000634800000| PB 0x0000000634800000| Untracked 
| 164|0x0000000634c00000, 0x0000000634c00000, 0x0000000635000000|  0%| F|  |TAMS 0x0000000634c00000| PB 0x0000000634c00000| Untracked 
| 165|0x0000000635000000, 0x0000000635000000, 0x0000000635400000|  0%| F|  |TAMS 0x0000000635000000| PB 0x0000000635000000| Untracked 
| 166|0x0000000635400000, 0x0000000635400000, 0x0000000635800000|  0%| F|  |TAMS 0x0000000635400000| PB 0x0000000635400000| Untracked 
| 167|0x0000000635800000, 0x0000000635800000, 0x0000000635c00000|  0%| F|  |TAMS 0x0000000635800000| PB 0x0000000635800000| Untracked 
| 168|0x0000000635c00000, 0x0000000635c00000, 0x0000000636000000|  0%| F|  |TAMS 0x0000000635c00000| PB 0x0000000635c00000| Untracked 
| 169|0x0000000636000000, 0x0000000636000000, 0x0000000636400000|  0%| F|  |TAMS 0x0000000636000000| PB 0x0000000636000000| Untracked 
| 170|0x0000000636400000, 0x0000000636400000, 0x0000000636800000|  0%| F|  |TAMS 0x0000000636400000| PB 0x0000000636400000| Untracked 
| 171|0x0000000636800000, 0x0000000636800000, 0x0000000636c00000|  0%| F|  |TAMS 0x0000000636800000| PB 0x0000000636800000| Untracked 
| 172|0x0000000636c00000, 0x0000000636c00000, 0x0000000637000000|  0%| F|  |TAMS 0x0000000636c00000| PB 0x0000000636c00000| Untracked 
| 173|0x0000000637000000, 0x0000000637000000, 0x0000000637400000|  0%| F|  |TAMS 0x0000000637000000| PB 0x0000000637000000| Untracked 
| 174|0x0000000637400000, 0x0000000637400000, 0x0000000637800000|  0%| F|  |TAMS 0x0000000637400000| PB 0x0000000637400000| Untracked 
| 175|0x0000000637800000, 0x0000000637800000, 0x0000000637c00000|  0%| F|  |TAMS 0x0000000637800000| PB 0x0000000637800000| Untracked 
| 176|0x0000000637c00000, 0x0000000637c00000, 0x0000000638000000|  0%| F|  |TAMS 0x0000000637c00000| PB 0x0000000637c00000| Untracked 
| 177|0x0000000638000000, 0x0000000638000000, 0x0000000638400000|  0%| F|  |TAMS 0x0000000638000000| PB 0x0000000638000000| Untracked 
| 178|0x0000000638400000, 0x0000000638400000, 0x0000000638800000|  0%| F|  |TAMS 0x0000000638400000| PB 0x0000000638400000| Untracked 
| 179|0x0000000638800000, 0x0000000638800000, 0x0000000638c00000|  0%| F|  |TAMS 0x0000000638800000| PB 0x0000000638800000| Untracked 
| 180|0x0000000638c00000, 0x0000000638c00000, 0x0000000639000000|  0%| F|  |TAMS 0x0000000638c00000| PB 0x0000000638c00000| Untracked 
| 181|0x0000000639000000, 0x0000000639000000, 0x0000000639400000|  0%| F|  |TAMS 0x0000000639000000| PB 0x0000000639000000| Untracked 
| 182|0x0000000639400000, 0x0000000639400000, 0x0000000639800000|  0%| F|  |TAMS 0x0000000639400000| PB 0x0000000639400000| Untracked 
| 183|0x0000000639800000, 0x0000000639800000, 0x0000000639c00000|  0%| F|  |TAMS 0x0000000639800000| PB 0x0000000639800000| Untracked 
| 184|0x0000000639c00000, 0x0000000639c00000, 0x000000063a000000|  0%| F|  |TAMS 0x0000000639c00000| PB 0x0000000639c00000| Untracked 
| 185|0x000000063a000000, 0x000000063a000000, 0x000000063a400000|  0%| F|  |TAMS 0x000000063a000000| PB 0x000000063a000000| Untracked 
| 186|0x000000063a400000, 0x000000063a400000, 0x000000063a800000|  0%| F|  |TAMS 0x000000063a400000| PB 0x000000063a400000| Untracked 
| 187|0x000000063a800000, 0x000000063a800000, 0x000000063ac00000|  0%| F|  |TAMS 0x000000063a800000| PB 0x000000063a800000| Untracked 
| 188|0x000000063ac00000, 0x000000063ac00000, 0x000000063b000000|  0%| F|  |TAMS 0x000000063ac00000| PB 0x000000063ac00000| Untracked 
| 189|0x000000063b000000, 0x000000063b000000, 0x000000063b400000|  0%| F|  |TAMS 0x000000063b000000| PB 0x000000063b000000| Untracked 
| 190|0x000000063b400000, 0x000000063b400000, 0x000000063b800000|  0%| F|  |TAMS 0x000000063b400000| PB 0x000000063b400000| Untracked 
| 191|0x000000063b800000, 0x000000063b800000, 0x000000063bc00000|  0%| F|  |TAMS 0x000000063b800000| PB 0x000000063b800000| Untracked 
| 192|0x000000063bc00000, 0x000000063bc00000, 0x000000063c000000|  0%| F|  |TAMS 0x000000063bc00000| PB 0x000000063bc00000| Untracked 
| 193|0x000000063c000000, 0x000000063c000000, 0x000000063c400000|  0%| F|  |TAMS 0x000000063c000000| PB 0x000000063c000000| Untracked 
| 194|0x000000063c400000, 0x000000063c400000, 0x000000063c800000|  0%| F|  |TAMS 0x000000063c400000| PB 0x000000063c400000| Untracked 
| 195|0x000000063c800000, 0x000000063c800000, 0x000000063cc00000|  0%| F|  |TAMS 0x000000063c800000| PB 0x000000063c800000| Untracked 
| 196|0x000000063cc00000, 0x000000063cc00000, 0x000000063d000000|  0%| F|  |TAMS 0x000000063cc00000| PB 0x000000063cc00000| Untracked 
| 197|0x000000063d000000, 0x000000063d000000, 0x000000063d400000|  0%| F|  |TAMS 0x000000063d000000| PB 0x000000063d000000| Untracked 
| 198|0x000000063d400000, 0x000000063d400000, 0x000000063d800000|  0%| F|  |TAMS 0x000000063d400000| PB 0x000000063d400000| Untracked 
| 199|0x000000063d800000, 0x000000063d800000, 0x000000063dc00000|  0%| F|  |TAMS 0x000000063d800000| PB 0x000000063d800000| Untracked 
| 200|0x000000063dc00000, 0x000000063dc00000, 0x000000063e000000|  0%| F|  |TAMS 0x000000063dc00000| PB 0x000000063dc00000| Untracked 
| 201|0x000000063e000000, 0x000000063e000000, 0x000000063e400000|  0%| F|  |TAMS 0x000000063e000000| PB 0x000000063e000000| Untracked 
| 202|0x000000063e400000, 0x000000063e400000, 0x000000063e800000|  0%| F|  |TAMS 0x000000063e400000| PB 0x000000063e400000| Untracked 
| 203|0x000000063e800000, 0x000000063e800000, 0x000000063ec00000|  0%| F|  |TAMS 0x000000063e800000| PB 0x000000063e800000| Untracked 
| 204|0x000000063ec00000, 0x000000063ec00000, 0x000000063f000000|  0%| F|  |TAMS 0x000000063ec00000| PB 0x000000063ec00000| Untracked 
| 205|0x000000063f000000, 0x000000063f000000, 0x000000063f400000|  0%| F|  |TAMS 0x000000063f000000| PB 0x000000063f000000| Untracked 
| 206|0x000000063f400000, 0x000000063f400000, 0x000000063f800000|  0%| F|  |TAMS 0x000000063f400000| PB 0x000000063f400000| Untracked 
| 207|0x000000063f800000, 0x000000063f800000, 0x000000063fc00000|  0%| F|  |TAMS 0x000000063f800000| PB 0x000000063f800000| Untracked 
| 208|0x000000063fc00000, 0x000000063fc00000, 0x0000000640000000|  0%| F|  |TAMS 0x000000063fc00000| PB 0x000000063fc00000| Untracked 
| 209|0x0000000640000000, 0x0000000640000000, 0x0000000640400000|  0%| F|  |TAMS 0x0000000640000000| PB 0x0000000640000000| Untracked 
| 210|0x0000000640400000, 0x0000000640400000, 0x0000000640800000|  0%| F|  |TAMS 0x0000000640400000| PB 0x0000000640400000| Untracked 
| 211|0x0000000640800000, 0x0000000640800000, 0x0000000640c00000|  0%| F|  |TAMS 0x0000000640800000| PB 0x0000000640800000| Untracked 
| 212|0x0000000640c00000, 0x0000000640c00000, 0x0000000641000000|  0%| F|  |TAMS 0x0000000640c00000| PB 0x0000000640c00000| Untracked 
| 213|0x0000000641000000, 0x0000000641000000, 0x0000000641400000|  0%| F|  |TAMS 0x0000000641000000| PB 0x0000000641000000| Untracked 
| 214|0x0000000641400000, 0x0000000641400000, 0x0000000641800000|  0%| F|  |TAMS 0x0000000641400000| PB 0x0000000641400000| Untracked 
| 215|0x0000000641800000, 0x0000000641800000, 0x0000000641c00000|  0%| F|  |TAMS 0x0000000641800000| PB 0x0000000641800000| Untracked 
| 216|0x0000000641c00000, 0x0000000641c00000, 0x0000000642000000|  0%| F|  |TAMS 0x0000000641c00000| PB 0x0000000641c00000| Untracked 
| 217|0x0000000642000000, 0x0000000642000000, 0x0000000642400000|  0%| F|  |TAMS 0x0000000642000000| PB 0x0000000642000000| Untracked 
| 218|0x0000000642400000, 0x0000000642400000, 0x0000000642800000|  0%| F|  |TAMS 0x0000000642400000| PB 0x0000000642400000| Untracked 
| 219|0x0000000642800000, 0x0000000642800000, 0x0000000642c00000|  0%| F|  |TAMS 0x0000000642800000| PB 0x0000000642800000| Untracked 
| 220|0x0000000642c00000, 0x0000000642c00000, 0x0000000643000000|  0%| F|  |TAMS 0x0000000642c00000| PB 0x0000000642c00000| Untracked 
| 221|0x0000000643000000, 0x0000000643000000, 0x0000000643400000|  0%| F|  |TAMS 0x0000000643000000| PB 0x0000000643000000| Untracked 
| 222|0x0000000643400000, 0x0000000643400000, 0x0000000643800000|  0%| F|  |TAMS 0x0000000643400000| PB 0x0000000643400000| Untracked 
| 223|0x0000000643800000, 0x0000000643800000, 0x0000000643c00000|  0%| F|  |TAMS 0x0000000643800000| PB 0x0000000643800000| Untracked 
| 224|0x0000000643c00000, 0x0000000643c00000, 0x0000000644000000|  0%| F|  |TAMS 0x0000000643c00000| PB 0x0000000643c00000| Untracked 
| 225|0x0000000644000000, 0x0000000644000000, 0x0000000644400000|  0%| F|  |TAMS 0x0000000644000000| PB 0x0000000644000000| Untracked 
| 226|0x0000000644400000, 0x0000000644400000, 0x0000000644800000|  0%| F|  |TAMS 0x0000000644400000| PB 0x0000000644400000| Untracked 
| 227|0x0000000644800000, 0x0000000644800000, 0x0000000644c00000|  0%| F|  |TAMS 0x0000000644800000| PB 0x0000000644800000| Untracked 
| 228|0x0000000644c00000, 0x0000000644c00000, 0x0000000645000000|  0%| F|  |TAMS 0x0000000644c00000| PB 0x0000000644c00000| Untracked 
| 229|0x0000000645000000, 0x0000000645000000, 0x0000000645400000|  0%| F|  |TAMS 0x0000000645000000| PB 0x0000000645000000| Untracked 
| 230|0x0000000645400000, 0x0000000645400000, 0x0000000645800000|  0%| F|  |TAMS 0x0000000645400000| PB 0x0000000645400000| Untracked 
| 231|0x0000000645800000, 0x0000000645800000, 0x0000000645c00000|  0%| F|  |TAMS 0x0000000645800000| PB 0x0000000645800000| Untracked 
| 232|0x0000000645c00000, 0x0000000645c00000, 0x0000000646000000|  0%| F|  |TAMS 0x0000000645c00000| PB 0x0000000645c00000| Untracked 
| 233|0x0000000646000000, 0x0000000646000000, 0x0000000646400000|  0%| F|  |TAMS 0x0000000646000000| PB 0x0000000646000000| Untracked 
| 234|0x0000000646400000, 0x0000000646400000, 0x0000000646800000|  0%| F|  |TAMS 0x0000000646400000| PB 0x0000000646400000| Untracked 
| 235|0x0000000646800000, 0x0000000646800000, 0x0000000646c00000|  0%| F|  |TAMS 0x0000000646800000| PB 0x0000000646800000| Untracked 
| 236|0x0000000646c00000, 0x0000000646c00000, 0x0000000647000000|  0%| F|  |TAMS 0x0000000646c00000| PB 0x0000000646c00000| Untracked 
| 237|0x0000000647000000, 0x0000000647000000, 0x0000000647400000|  0%| F|  |TAMS 0x0000000647000000| PB 0x0000000647000000| Untracked 
| 238|0x0000000647400000, 0x0000000647400000, 0x0000000647800000|  0%| F|  |TAMS 0x0000000647400000| PB 0x0000000647400000| Untracked 
| 239|0x0000000647800000, 0x0000000647800000, 0x0000000647c00000|  0%| F|  |TAMS 0x0000000647800000| PB 0x0000000647800000| Untracked 
| 240|0x0000000647c00000, 0x0000000647c00000, 0x0000000648000000|  0%| F|  |TAMS 0x0000000647c00000| PB 0x0000000647c00000| Untracked 
| 241|0x0000000648000000, 0x0000000648000000, 0x0000000648400000|  0%| F|  |TAMS 0x0000000648000000| PB 0x0000000648000000| Untracked 
| 242|0x0000000648400000, 0x0000000648400000, 0x0000000648800000|  0%| F|  |TAMS 0x0000000648400000| PB 0x0000000648400000| Untracked 
| 243|0x0000000648800000, 0x0000000648800000, 0x0000000648c00000|  0%| F|  |TAMS 0x0000000648800000| PB 0x0000000648800000| Untracked 
| 244|0x0000000648c00000, 0x0000000648c00000, 0x0000000649000000|  0%| F|  |TAMS 0x0000000648c00000| PB 0x0000000648c00000| Untracked 
| 245|0x0000000649000000, 0x0000000649000000, 0x0000000649400000|  0%| F|  |TAMS 0x0000000649000000| PB 0x0000000649000000| Untracked 

Card table byte_map: [0x0000016bee230000,0x0000016bef1e0000] _byte_map_base: 0x0000016beb1d2000

Marking Bits: (CMBitMap*) 0x0000016bd47c3b90
 Bits: [0x0000016bef1e0000, 0x0000016bf6ef0000)

Polling page: 0x0000016bd24a0000

Metaspace:

Usage:
  Non-class:     84.37 MB used.
      Class:     10.10 MB used.
       Both:     94.48 MB used.

Virtual space:
  Non-class space:      128.00 MB reserved,      85.06 MB ( 66%) committed,  2 nodes.
      Class space:        1.00 GB reserved,      10.69 MB (  1%) committed,  1 nodes.
             Both:        1.12 GB reserved,      95.75 MB (  8%) committed. 

Chunk freelists:
   Non-Class:  10.03 MB
       Class:  5.34 MB
        Both:  15.38 MB

MaxMetaspaceSize: unlimited
CompressedClassSpaceSize: 1.00 GB
Initial GC threshold: 21.00 MB
Current GC threshold: 149.50 MB
CDS: off
 - commit_granule_bytes: 65536.
 - commit_granule_words: 8192.
 - virtual_space_node_default_size: 8388608.
 - enlarge_chunks_in_place: 1.
 - use_allocation_guard: 0.


Internal statistics:

num_allocs_failed_limit: 6.
num_arena_births: 1210.
num_arena_deaths: 0.
num_vsnodes_births: 3.
num_vsnodes_deaths: 0.
num_space_committed: 1532.
num_space_uncommitted: 0.
num_chunks_returned_to_freelist: 6.
num_chunks_taken_from_freelist: 3830.
num_chunk_merges: 0.
num_chunk_splits: 2579.
num_chunks_enlarged: 1700.
num_inconsistent_stats: 0.

CodeHeap 'non-profiled nmethods': size=119168Kb used=19742Kb max_used=19742Kb free=99426Kb
 bounds [0x0000016be5590000, 0x0000016be68e0000, 0x0000016bec9f0000]
CodeHeap 'profiled nmethods': size=119104Kb used=45784Kb max_used=45784Kb free=73319Kb
 bounds [0x0000016bdd9f0000, 0x0000016be06b0000, 0x0000016be4e40000]
CodeHeap 'non-nmethods': size=7488Kb used=3914Kb max_used=3990Kb free=3573Kb
 bounds [0x0000016be4e40000, 0x0000016be5240000, 0x0000016be5590000]
CodeCache: size=245760Kb, used=69440Kb, max_used=69516Kb, free=176318Kb
 total_blobs=20036, nmethods=18948, adapters=986, full_count=0
Compilation: enabled, stopped_count=0, restarted_count=0

Compilation events (20 events):
Event: 1365.829 Thread 0x0000016bff1d5e00 nmethod 19973 0x0000016be0694510 code [0x0000016be06948c0, 0x0000016be0696230]
Event: 1365.829 Thread 0x0000016bff1d64d0 19974       3       sun.java2d.loops.FillSpans::FillSpans (18 bytes)
Event: 1365.830 Thread 0x0000016bfe0fed30 nmethod 19968 0x0000016be68d1890 code [0x0000016be68d1b00, 0x0000016be68d2668]
Event: 1365.830 Thread 0x0000016bff1d5e00 19975       3       sun.java2d.marlin.RendererContext$PathConsumer2DAdapter::lineTo (14 bytes)
Event: 1365.830 Thread 0x0000016bff1d64d0 nmethod 19974 0x0000016be0696b10 code [0x0000016be0696ce0, 0x0000016be0696ee8]
Event: 1365.830 Thread 0x0000016bff1d5730 nmethod 19969 0x0000016be0697090 code [0x0000016be06975a0, 0x0000016be069b190]
Event: 1365.830 Thread 0x0000016bff1d5e00 nmethod 19975 0x0000016be069c010 code [0x0000016be069c1c0, 0x0000016be069c360]
Event: 1365.831 Thread 0x0000016bfe0ff7d0 nmethod 19971 0x0000016be069c490 code [0x0000016be069d280, 0x0000016be06a4738]
Event: 1365.832 Thread 0x0000016bfe0fed30 19976   !   4       sun.java2d.pipe.AAShapePipe::renderPath (118 bytes)
Event: 1365.835 Thread 0x0000016bff1d64d0 19977       1       javax.swing.text.DefaultCaret::getMagicCaretPosition (5 bytes)
Event: 1365.835 Thread 0x0000016bff1d64d0 nmethod 19977 0x0000016be68d2e10 code [0x0000016be68d2fa0, 0x0000016be68d3070]
Event: 1365.836 Thread 0x0000016bff1d7940 19978   !   4       sun.java2d.marlin.DMarlinRenderingEngine::getAATileGenerator (382 bytes)
Event: 1365.837 Thread 0x0000016bfe0fed30 nmethod 19976 0x0000016be68d3110 code [0x0000016be68d3340, 0x0000016be68d3b60]
Event: 1365.847 Thread 0x0000016bff1d7940 nmethod 19978 0x0000016be68d4310 code [0x0000016be68d4680, 0x0000016be68d5a58]
Event: 1366.281 Thread 0x0000016bfe0ff7d0 19979       3       java.awt.event.ActionEvent::<init> (24 bytes)
Event: 1366.281 Thread 0x0000016bfe0ff7d0 nmethod 19979 0x0000016be06a5f10 code [0x0000016be06a60c0, 0x0000016be06a6280]
Event: 1366.283 Thread 0x0000016bfe0fed30 19980       4       java.util.LinkedHashMap::sequencedEntrySet (31 bytes)
Event: 1366.284 Thread 0x0000016bfe0fed30 nmethod 19980 0x0000016be68d6e10 code [0x0000016be68d6fa0, 0x0000016be68d71b0]
Event: 1366.292 Thread 0x0000016bfe0fed30 19981       4       com.bestcode.mathparser.__add::run (18 bytes)
Event: 1366.293 Thread 0x0000016bfe0fed30 nmethod 19981 0x0000016be68d7290 code [0x0000016be68d7440, 0x0000016be68d7610]

GC Heap History (20 events):
Event: 1344.086 GC heap after
{Heap after GC invocations=85 (full 0):
 garbage-first heap   total 1007616K, used 169265K [0x000000060bc00000, 0x0000000800000000)
  region size 4096K, 1 young (4096K), 1 survivors (4096K)
 Metaspace       used 95992K, committed 97280K, reserved 1179648K
  class space    used 10309K, committed 10880K, reserved 1048576K
}
Event: 1360.484 GC heap before
{Heap before GC invocations=85 (full 0):
 garbage-first heap   total 1007616K, used 767281K [0x000000060bc00000, 0x0000000800000000)
  region size 4096K, 147 young (602112K), 1 survivors (4096K)
 Metaspace       used 96107K, committed 97408K, reserved 1179648K
  class space    used 10309K, committed 10880K, reserved 1048576K
}
Event: 1360.486 GC heap after
{Heap after GC invocations=86 (full 0):
 garbage-first heap   total 1007616K, used 169552K [0x000000060bc00000, 0x0000000800000000)
  region size 4096K, 1 young (4096K), 1 survivors (4096K)
 Metaspace       used 96107K, committed 97408K, reserved 1179648K
  class space    used 10309K, committed 10880K, reserved 1048576K
}
Event: 1360.525 GC heap before
{Heap before GC invocations=86 (full 0):
 garbage-first heap   total 1007616K, used 767568K [0x000000060bc00000, 0x0000000800000000)
  region size 4096K, 147 young (602112K), 1 survivors (4096K)
 Metaspace       used 96107K, committed 97408K, reserved 1179648K
  class space    used 10309K, committed 10880K, reserved 1048576K
}
Event: 1360.527 GC heap after
{Heap after GC invocations=87 (full 0):
 garbage-first heap   total 1007616K, used 169243K [0x000000060bc00000, 0x0000000800000000)
  region size 4096K, 1 young (4096K), 1 survivors (4096K)
 Metaspace       used 96107K, committed 97408K, reserved 1179648K
  class space    used 10309K, committed 10880K, reserved 1048576K
}
Event: 1360.653 GC heap before
{Heap before GC invocations=87 (full 0):
 garbage-first heap   total 1007616K, used 767259K [0x000000060bc00000, 0x0000000800000000)
  region size 4096K, 147 young (602112K), 1 survivors (4096K)
 Metaspace       used 96300K, committed 97600K, reserved 1179648K
  class space    used 10321K, committed 10880K, reserved 1048576K
}
Event: 1360.656 GC heap after
{Heap after GC invocations=88 (full 0):
 garbage-first heap   total 1007616K, used 169555K [0x000000060bc00000, 0x0000000800000000)
  region size 4096K, 1 young (4096K), 1 survivors (4096K)
 Metaspace       used 96300K, committed 97600K, reserved 1179648K
  class space    used 10321K, committed 10880K, reserved 1048576K
}
Event: 1361.954 GC heap before
{Heap before GC invocations=88 (full 0):
 garbage-first heap   total 1007616K, used 767571K [0x000000060bc00000, 0x0000000800000000)
  region size 4096K, 147 young (602112K), 1 survivors (4096K)
 Metaspace       used 96307K, committed 97600K, reserved 1179648K
  class space    used 10321K, committed 10880K, reserved 1048576K
}
Event: 1361.955 GC heap after
{Heap after GC invocations=89 (full 0):
 garbage-first heap   total 1007616K, used 169561K [0x000000060bc00000, 0x0000000800000000)
  region size 4096K, 1 young (4096K), 1 survivors (4096K)
 Metaspace       used 96307K, committed 97600K, reserved 1179648K
  class space    used 10321K, committed 10880K, reserved 1048576K
}
Event: 1361.990 GC heap before
{Heap before GC invocations=89 (full 0):
 garbage-first heap   total 1007616K, used 767577K [0x000000060bc00000, 0x0000000800000000)
  region size 4096K, 147 young (602112K), 1 survivors (4096K)
 Metaspace       used 96307K, committed 97600K, reserved 1179648K
  class space    used 10321K, committed 10880K, reserved 1048576K
}
Event: 1361.992 GC heap after
{Heap after GC invocations=90 (full 0):
 garbage-first heap   total 1007616K, used 169486K [0x000000060bc00000, 0x0000000800000000)
  region size 4096K, 1 young (4096K), 1 survivors (4096K)
 Metaspace       used 96307K, committed 97600K, reserved 1179648K
  class space    used 10321K, committed 10880K, reserved 1048576K
}
Event: 1365.671 GC heap before
{Heap before GC invocations=90 (full 0):
 garbage-first heap   total 1007616K, used 767502K [0x000000060bc00000, 0x0000000800000000)
  region size 4096K, 147 young (602112K), 1 survivors (4096K)
 Metaspace       used 96506K, committed 97792K, reserved 1179648K
  class space    used 10333K, committed 10944K, reserved 1048576K
}
Event: 1365.673 GC heap after
{Heap after GC invocations=91 (full 0):
 garbage-first heap   total 1007616K, used 169842K [0x000000060bc00000, 0x0000000800000000)
  region size 4096K, 1 young (4096K), 1 survivors (4096K)
 Metaspace       used 96506K, committed 97792K, reserved 1179648K
  class space    used 10333K, committed 10944K, reserved 1048576K
}
Event: 1365.708 GC heap before
{Heap before GC invocations=91 (full 0):
 garbage-first heap   total 1007616K, used 767858K [0x000000060bc00000, 0x0000000800000000)
  region size 4096K, 147 young (602112K), 1 survivors (4096K)
 Metaspace       used 96506K, committed 97792K, reserved 1179648K
  class space    used 10333K, committed 10944K, reserved 1048576K
}
Event: 1365.710 GC heap after
{Heap after GC invocations=92 (full 0):
 garbage-first heap   total 1007616K, used 169893K [0x000000060bc00000, 0x0000000800000000)
  region size 4096K, 1 young (4096K), 1 survivors (4096K)
 Metaspace       used 96506K, committed 97792K, reserved 1179648K
  class space    used 10333K, committed 10944K, reserved 1048576K
}
Event: 1366.299 GC heap before
{Heap before GC invocations=92 (full 0):
 garbage-first heap   total 1007616K, used 767909K [0x000000060bc00000, 0x0000000800000000)
  region size 4096K, 147 young (602112K), 1 survivors (4096K)
 Metaspace       used 96745K, committed 98048K, reserved 1179648K
  class space    used 10346K, committed 10944K, reserved 1048576K
}
Event: 1366.301 GC heap after
{Heap after GC invocations=93 (full 0):
 garbage-first heap   total 1007616K, used 170243K [0x000000060bc00000, 0x0000000800000000)
  region size 4096K, 1 young (4096K), 1 survivors (4096K)
 Metaspace       used 96745K, committed 98048K, reserved 1179648K
  class space    used 10346K, committed 10944K, reserved 1048576K
}
Event: 1366.337 GC heap before
{Heap before GC invocations=93 (full 0):
 garbage-first heap   total 1007616K, used 768259K [0x000000060bc00000, 0x0000000800000000)
  region size 4096K, 147 young (602112K), 1 survivors (4096K)
 Metaspace       used 96745K, committed 98048K, reserved 1179648K
  class space    used 10346K, committed 10944K, reserved 1048576K
}
Event: 1366.338 GC heap after
{Heap after GC invocations=94 (full 0):
 garbage-first heap   total 1007616K, used 170034K [0x000000060bc00000, 0x0000000800000000)
  region size 4096K, 1 young (4096K), 1 survivors (4096K)
 Metaspace       used 96745K, committed 98048K, reserved 1179648K
  class space    used 10346K, committed 10944K, reserved 1048576K
}
Event: 1366.380 GC heap before
{Heap before GC invocations=94 (full 0):
 garbage-first heap   total 1007616K, used 768050K [0x000000060bc00000, 0x0000000800000000)
  region size 4096K, 147 young (602112K), 1 survivors (4096K)
 Metaspace       used 96745K, committed 98048K, reserved 1179648K
  class space    used 10346K, committed 10944K, reserved 1048576K
}

Dll operation events (19 events):
Event: 0.004 Loaded shared library D:\ST\STM32CubeMX_6.18.0\jre\bin\java.dll
Event: 0.029 Loaded shared library D:\ST\STM32CubeMX_6.18.0\jre\bin\jsvml.dll
Event: 0.086 Loaded shared library D:\ST\STM32CubeMX_6.18.0\jre\bin\net.dll
Event: 0.088 Loaded shared library D:\ST\STM32CubeMX_6.18.0\jre\bin\nio.dll
Event: 0.118 Loaded shared library D:\ST\STM32CubeMX_6.18.0\jre\bin\zip.dll
Event: 0.157 Loaded shared library D:\ST\STM32CubeMX_6.18.0\jre\bin\jimage.dll
Event: 0.360 Loaded shared library D:\ST\STM32CubeMX_6.18.0\jre\bin\management.dll
Event: 0.368 Loaded shared library D:\ST\STM32CubeMX_6.18.0\jre\bin\management_ext.dll
Event: 0.846 Loaded shared library D:\ST\STM32CubeMX_6.18.0\jre\bin\awt.dll
Event: 1.086 Loaded shared library D:\ST\STM32CubeMX_6.18.0\jre\bin\freetype.dll
Event: 1.088 Loaded shared library D:\ST\STM32CubeMX_6.18.0\jre\bin\fontmanager.dll
Event: 12.284 Loaded shared library D:\ST\STM32CubeMX_6.18.0\jre\bin\verify.dll
Event: 12.356 Loaded shared library D:\ST\STM32CubeMX_6.18.0\jre\bin\prefs.dll
Event: 12.437 Loaded shared library C:\Users\Anton\AppData\Local\Temp\jna-63420902\jna11340198695839217949.dll
Event: 19.698 Loaded shared library D:\ST\STM32CubeMX_6.18.0\jre\bin\sunmscapi.dll
Event: 19.964 Loaded shared library D:\ST\STM32CubeMX_6.18.0\jre\bin\extnet.dll
Event: 23.313 Loaded shared library D:\ST\STM32CubeMX_6.18.0\jre\bin\javajpeg.dll
Event: 23.317 Loaded shared library D:\ST\STM32CubeMX_6.18.0\jre\bin\lcms.dll
Event: 111.220 Loaded shared library C:\Users\Anton\AppData\Local\Temp\sqlite-3.49.1.0-35e0d858-11ec-4d61-b103-f25d492386e2-sqlitejdbc.dll

Deoptimization events (20 events):
Event: 1348.601 Thread 0x0000016bff176a00 DEOPT PACKING pc=0x0000016be67a3584 sp=0x0000004e5cbfe2d0
Event: 1348.601 Thread 0x0000016bff176a00 DEOPT UNPACKING pc=0x0000016be4e97ba2 sp=0x0000004e5cbfe1c8 mode 2
Event: 1348.601 Thread 0x0000016bff176a00 Uncommon trap: trap_request=0xffffffd6 fr.pc=0x0000016be67a3584 relative=0x0000000000002c24
Event: 1348.601 Thread 0x0000016bff176a00 Uncommon trap: reason=array_check action=maybe_recompile pc=0x0000016be67a3584 method=javax.swing.SortingFocusTraversalPolicy.mergeSort([Ljava/lang/Object;[Ljava/lang/Object;IIILjava/util/Comparator;)V @ 251 c2
Event: 1348.601 Thread 0x0000016bff176a00 DEOPT PACKING pc=0x0000016be67a3584 sp=0x0000004e5cbfe2d0
Event: 1348.601 Thread 0x0000016bff176a00 DEOPT UNPACKING pc=0x0000016be4e97ba2 sp=0x0000004e5cbfe1c8 mode 2
Event: 1348.601 Thread 0x0000016bff176a00 Uncommon trap: trap_request=0xffffffd6 fr.pc=0x0000016be67a33f4 relative=0x0000000000002a94
Event: 1348.601 Thread 0x0000016bff176a00 Uncommon trap: reason=array_check action=maybe_recompile pc=0x0000016be67a33f4 method=javax.swing.SortingFocusTraversalPolicy.mergeSort([Ljava/lang/Object;[Ljava/lang/Object;IIILjava/util/Comparator;)V @ 251 c2
Event: 1348.601 Thread 0x0000016bff176a00 DEOPT PACKING pc=0x0000016be67a33f4 sp=0x0000004e5cbfe3a0
Event: 1348.601 Thread 0x0000016bff176a00 DEOPT UNPACKING pc=0x0000016be4e97ba2 sp=0x0000004e5cbfe298 mode 2
Event: 1348.601 Thread 0x0000016bff176a00 Uncommon trap: trap_request=0xffffffd6 fr.pc=0x0000016be67a33f4 relative=0x0000000000002a94
Event: 1348.601 Thread 0x0000016bff176a00 Uncommon trap: reason=array_check action=maybe_recompile pc=0x0000016be67a33f4 method=javax.swing.SortingFocusTraversalPolicy.mergeSort([Ljava/lang/Object;[Ljava/lang/Object;IIILjava/util/Comparator;)V @ 251 c2
Event: 1348.601 Thread 0x0000016bff176a00 DEOPT PACKING pc=0x0000016be67a33f4 sp=0x0000004e5cbfe470
Event: 1348.601 Thread 0x0000016bff176a00 DEOPT UNPACKING pc=0x0000016be4e97ba2 sp=0x0000004e5cbfe3a0 mode 2
Event: 1357.451 Thread 0x0000016bff176a00 Uncommon trap: trap_request=0xffffffde fr.pc=0x0000016be678d670 relative=0x0000000000005530
Event: 1357.451 Thread 0x0000016bff176a00 Uncommon trap: reason=class_check action=maybe_recompile pc=0x0000016be678d670 method=java.awt.DefaultKeyboardFocusManager.dispatchEvent(Ljava/awt/AWTEvent;)Z @ 474 c2
Event: 1357.451 Thread 0x0000016bff176a00 DEOPT PACKING pc=0x0000016be678d670 sp=0x0000004e5cbfeaf0
Event: 1357.451 Thread 0x0000016bff176a00 DEOPT UNPACKING pc=0x0000016be4e97ba2 sp=0x0000004e5cbfeab8 mode 2
Event: 1357.707 Thread 0x0000016bff176a00 DEOPT PACKING pc=0x0000016be01fceff sp=0x0000004e5cbfdf90
Event: 1357.707 Thread 0x0000016bff176a00 DEOPT UNPACKING pc=0x0000016be4e986e2 sp=0x0000004e5cbfd4c8 mode 0

Classes loaded (20 events):
Event: 1338.582 Loading class javax/swing/text/AbstractWriter done
Event: 1338.582 Loading class javax/swing/text/html/HTMLWriter done
Event: 1338.582 Loading class javax/swing/text/ElementIterator
Event: 1338.582 Loading class javax/swing/text/ElementIterator done
Event: 1338.582 Loading class javax/swing/text/ElementIterator$StackItem
Event: 1338.582 Loading class javax/swing/text/ElementIterator$StackItem done
Event: 1339.511 Loading class javax/swing/DefaultCellEditor$3
Event: 1339.511 Loading class javax/swing/DefaultCellEditor$3 done
Event: 1339.513 Loading class javax/swing/JTable$BooleanRenderer
Event: 1339.513 Loading class javax/swing/JTable$BooleanRenderer done
Event: 1339.531 Loading class javax/swing/RowFilter
Event: 1339.531 Loading class javax/swing/RowFilter done
Event: 1339.547 Loading class javax/swing/RowFilter$RegexFilter
Event: 1339.547 Loading class javax/swing/RowFilter$GeneralFilter
Event: 1339.547 Loading class javax/swing/RowFilter$GeneralFilter done
Event: 1339.547 Loading class javax/swing/RowFilter$RegexFilter done
Event: 1339.559 Loading class sun/swing/table/DefaultTableCellHeaderRenderer$1
Event: 1339.559 Loading class sun/swing/table/DefaultTableCellHeaderRenderer$1 done
Event: 1339.605 Loading class java/awt/Component$2
Event: 1339.606 Loading class java/awt/Component$2 done

Classes unloaded (0 events):
No events

Classes redefined (0 events):
No events

Internal exceptions (20 events):
Event: 253.294 Thread 0x0000016b81436a60 Exception <a 'java/io/IOException'{0x000000062528a1f0}> (0x000000062528a1f0) 
thrown [s\src\hotspot\share\prims\jni.cpp, line 520]
Event: 253.294 Thread 0x0000016b81436a60 Exception <a 'java/io/IOException'{0x000000062528b048}> (0x000000062528b048) 
thrown [s\src\hotspot\share\prims\jni.cpp, line 520]
Event: 253.294 Thread 0x0000016b81436a60 Exception <a 'java/io/IOException'{0x000000062528b620}> (0x000000062528b620) 
thrown [s\src\hotspot\share\prims\jni.cpp, line 520]
Event: 253.294 Thread 0x0000016b81436a60 Exception <a 'java/io/IOException'{0x000000062528c478}> (0x000000062528c478) 
thrown [s\src\hotspot\share\prims\jni.cpp, line 520]
Event: 253.294 Thread 0x0000016b81436a60 Exception <a 'java/io/IOException'{0x000000062528ca50}> (0x000000062528ca50) 
thrown [s\src\hotspot\share\prims\jni.cpp, line 520]
Event: 253.294 Thread 0x0000016b81436a60 Exception <a 'java/io/IOException'{0x00000006252994e8}> (0x00000006252994e8) 
thrown [s\src\hotspot\share\prims\jni.cpp, line 520]
Event: 253.294 Thread 0x0000016b81436a60 Exception <a 'java/io/IOException'{0x0000000625299ac0}> (0x0000000625299ac0) 
thrown [s\src\hotspot\share\prims\jni.cpp, line 520]
Event: 253.433 Thread 0x0000016b81436a60 Exception <a 'java/io/IOException'{0x0000000624db46d8}> (0x0000000624db46d8) 
thrown [s\src\hotspot\share\prims\jni.cpp, line 520]
Event: 253.433 Thread 0x0000016b81436a60 Exception <a 'java/io/IOException'{0x0000000624db4cb0}> (0x0000000624db4cb0) 
thrown [s\src\hotspot\share\prims\jni.cpp, line 520]
Event: 253.439 Thread 0x0000016b81436a60 Exception <a 'java/io/IOException'{0x0000000624973d18}> (0x0000000624973d18) 
thrown [s\src\hotspot\share\prims\jni.cpp, line 520]
Event: 253.439 Thread 0x0000016b81436a60 Exception <a 'java/io/IOException'{0x0000000624974040}> (0x0000000624974040) 
thrown [s\src\hotspot\share\prims\jni.cpp, line 520]
Event: 966.985 Thread 0x0000016bff176a00 Exception <a 'java/io/IOException'{0x0000000629c84920}> (0x0000000629c84920) 
thrown [s\src\hotspot\share\prims\jni.cpp, line 520]
Event: 966.985 Thread 0x0000016bff176a00 Exception <a 'java/io/IOException'{0x0000000629c851a8}> (0x0000000629c851a8) 
thrown [s\src\hotspot\share\prims\jni.cpp, line 520]
Event: 966.985 Thread 0x0000016bff176a00 Exception <a 'java/io/IOException'{0x0000000629c86580}> (0x0000000629c86580) 
thrown [s\src\hotspot\share\prims\jni.cpp, line 520]
Event: 966.985 Thread 0x0000016bff176a00 Exception <a 'java/io/IOException'{0x0000000629c86e08}> (0x0000000629c86e08) 
thrown [s\src\hotspot\share\prims\jni.cpp, line 520]
Event: 976.742 Thread 0x0000016bff176a00 Exception <a 'java/io/IOException'{0x0000000624df6668}> (0x0000000624df6668) 
thrown [s\src\hotspot\share\prims\jni.cpp, line 520]
Event: 976.742 Thread 0x0000016bff176a00 Exception <a 'java/io/IOException'{0x0000000624df6ef0}> (0x0000000624df6ef0) 
thrown [s\src\hotspot\share\prims\jni.cpp, line 520]
Event: 976.742 Thread 0x0000016bff176a00 Exception <a 'java/io/IOException'{0x0000000624df8070}> (0x0000000624df8070) 
thrown [s\src\hotspot\share\prims\jni.cpp, line 520]
Event: 976.742 Thread 0x0000016bff176a00 Exception <a 'java/io/IOException'{0x0000000624df88f8}> (0x0000000624df88f8) 
thrown [s\src\hotspot\share\prims\jni.cpp, line 520]
Event: 1049.352 Thread 0x0000016bff176a00 Implicit null exception at 0x0000016be6311635 to 0x0000016be6312bdc

ZGC Phase Switch (0 events):
No events

VM Operations (20 events):
Event: 1360.527 Executing safepoint VM operation: G1CollectForAllocation (G1 Evacuation Pause) done
Event: 1360.653 Executing safepoint VM operation: G1CollectForAllocation (G1 Evacuation Pause)
Event: 1360.656 Executing safepoint VM operation: G1CollectForAllocation (G1 Evacuation Pause) done
Event: 1361.658 Executing safepoint VM operation: Cleanup
Event: 1361.658 Executing safepoint VM operation: Cleanup done
Event: 1361.954 Executing safepoint VM operation: G1CollectForAllocation (G1 Evacuation Pause)
Event: 1361.955 Executing safepoint VM operation: G1CollectForAllocation (G1 Evacuation Pause) done
Event: 1361.990 Executing safepoint VM operation: G1CollectForAllocation (G1 Evacuation Pause)
Event: 1361.992 Executing safepoint VM operation: G1CollectForAllocation (G1 Evacuation Pause) done
Event: 1362.993 Executing safepoint VM operation: Cleanup
Event: 1362.993 Executing safepoint VM operation: Cleanup done
Event: 1365.671 Executing safepoint VM operation: G1CollectForAllocation (G1 Evacuation Pause)
Event: 1365.673 Executing safepoint VM operation: G1CollectForAllocation (G1 Evacuation Pause) done
Event: 1365.708 Executing safepoint VM operation: G1CollectForAllocation (G1 Evacuation Pause)
Event: 1365.710 Executing safepoint VM operation: G1CollectForAllocation (G1 Evacuation Pause) done
Event: 1366.299 Executing safepoint VM operation: G1CollectForAllocation (G1 Evacuation Pause)
Event: 1366.301 Executing safepoint VM operation: G1CollectForAllocation (G1 Evacuation Pause) done
Event: 1366.337 Executing safepoint VM operation: G1CollectForAllocation (G1 Evacuation Pause)
Event: 1366.339 Executing safepoint VM operation: G1CollectForAllocation (G1 Evacuation Pause) done
Event: 1366.380 Executing safepoint VM operation: G1CollectForAllocation (G1 Evacuation Pause)

Memory protections (0 events):
No events

Nmethod flushes (20 events):
Event: 23.391 Thread 0x0000016bfe02f070 flushing  nmethod 0x0000016bde033e10
Event: 23.417 Thread 0x0000016bfe02f070 flushing  nmethod 0x0000016bddac2b10
Event: 23.417 Thread 0x0000016bfe02f070 flushing  nmethod 0x0000016bdda16310
Event: 23.417 Thread 0x0000016bfe02f070 flushing osr nmethod 0x0000016bde460690
Event: 117.675 Thread 0x0000016bfe02f070 flushing  nmethod 0x0000016bddc4c310
Event: 117.675 Thread 0x0000016bfe02f070 flushing  nmethod 0x0000016bddc4c910
Event: 117.675 Thread 0x0000016bfe02f070 flushing  nmethod 0x0000016bddc4d190
Event: 117.675 Thread 0x0000016bfe02f070 flushing  nmethod 0x0000016bdddc0190
Event: 117.675 Thread 0x0000016bfe02f070 flushing  nmethod 0x0000016bddc4aa90
Event: 117.675 Thread 0x0000016bfe02f070 flushing  nmethod 0x0000016bddb0fc90
Event: 117.675 Thread 0x0000016bfe02f070 flushing  nmethod 0x0000016bddcafb10
Event: 117.675 Thread 0x0000016bfe02f070 flushing  nmethod 0x0000016bddb04210
Event: 117.675 Thread 0x0000016bfe02f070 flushing  nmethod 0x0000016bde11b410
Event: 117.675 Thread 0x0000016bfe02f070 flushing osr nmethod 0x0000016be56a5c90
Event: 117.675 Thread 0x0000016bfe02f070 flushing  nmethod 0x0000016bddc35910
Event: 117.675 Thread 0x0000016bfe02f070 flushing  nmethod 0x0000016bdde1cc10
Event: 117.675 Thread 0x0000016bfe02f070 flushing  nmethod 0x0000016bddc79790
Event: 117.675 Thread 0x0000016bfe02f070 flushing  nmethod 0x0000016bddc7a010
Event: 117.675 Thread 0x0000016bfe02f070 flushing  nmethod 0x0000016bdde66710
Event: 117.675 Thread 0x0000016bfe02f070 flushing  nmethod 0x0000016bdde6ed90

Events (20 events):
Event: 1366.379 Thread 0x0000016b82505b60 Thread exited: 0x0000016b82505b60
Event: 1366.379 Thread 0x0000016bff176a00 Thread added: 0x0000016b825061f0
Event: 1366.379 Thread 0x0000016b825061f0 Thread exited: 0x0000016b825061f0
Event: 1366.379 Thread 0x0000016bff176a00 Thread added: 0x0000016b825061f0
Event: 1366.379 Thread 0x0000016b825061f0 Thread exited: 0x0000016b825061f0
Event: 1366.379 Thread 0x0000016bff176a00 Thread added: 0x0000016b8058b290
Event: 1366.379 Thread 0x0000016b8058b290 Thread exited: 0x0000016b8058b290
Event: 1366.379 Thread 0x0000016bff176a00 Thread added: 0x0000016b8058a570
Event: 1366.379 Thread 0x0000016b8058a570 Thread exited: 0x0000016b8058a570
Event: 1366.379 Thread 0x0000016bff176a00 Thread added: 0x0000016b8058a570
Event: 1366.380 Thread 0x0000016b8058a570 Thread exited: 0x0000016b8058a570
Event: 1366.380 Thread 0x0000016bff176a00 Thread added: 0x0000016b80589ee0
Event: 1366.380 Thread 0x0000016b80589ee0 Thread exited: 0x0000016b80589ee0
Event: 1366.380 Thread 0x0000016bff176a00 Thread added: 0x0000016b8058b290
Event: 1366.380 Thread 0x0000016b8058b290 Thread exited: 0x0000016b8058b290
Event: 1366.380 Thread 0x0000016bff176a00 Thread added: 0x0000016b8058a570
Event: 1366.380 Thread 0x0000016b8058a570 Thread exited: 0x0000016b8058a570
Event: 1366.380 Thread 0x0000016bff176a00 Thread added: 0x0000016b8058a570
Event: 1366.380 Thread 0x0000016b8058a570 Thread exited: 0x0000016b8058a570
Event: 1366.380 Thread 0x0000016bff176a00 Thread added: 0x0000016b8058b290


Dynamic libraries:
0x00007ff6c56e0000 - 0x00007ff6c56ee000 	D:\ST\STM32CubeMX_6.18.0\jre\bin\javaw.exe
0x00007fff8e800000 - 0x00007fff8ea67000 	C:\Windows\SYSTEM32\ntdll.dll
0x00007fff8d3a0000 - 0x00007fff8d469000 	C:\Windows\System32\KERNEL32.DLL
0x00007fff8b2c0000 - 0x00007fff8b6b7000 	C:\Windows\System32\KERNELBASE.dll
0x00007fff8b6c0000 - 0x00007fff8b80b000 	C:\Windows\System32\ucrtbase.dll
0x00007ffefe590000 - 0x00007ffefe5a8000 	D:\ST\STM32CubeMX_6.18.0\jre\bin\jli.dll
0x00007ffefdc00000 - 0x00007ffefdc1e000 	D:\ST\STM32CubeMX_6.18.0\jre\bin\VCRUNTIME140.dll
0x00007fff8d980000 - 0x00007fff8db46000 	C:\Windows\System32\USER32.dll
0x00007fff8b810000 - 0x00007fff8b837000 	C:\Windows\System32\win32u.dll
0x00007fff71db0000 - 0x00007fff72042000 	C:\Windows\WinSxS\amd64_microsoft.windows.common-controls_6595b64144ccf1df_6.0.26100.8457_none_3e0b2faee331e92d\COMCTL32.dll
0x00007fff8cdc0000 - 0x00007fff8cdeb000 	C:\Windows\System32\GDI32.dll
0x00007fff8d2f0000 - 0x00007fff8d399000 	C:\Windows\System32\msvcrt.dll
0x00007fff8b8f0000 - 0x00007fff8ba1c000 	C:\Windows\System32\gdi32full.dll
0x00007fff8bc60000 - 0x00007fff8bd03000 	C:\Windows\System32\msvcp_win.dll
0x00007fff8ddd0000 - 0x00007fff8de02000 	C:\Windows\System32\IMM32.DLL
0x00007fff84130000 - 0x00007fff8413c000 	D:\ST\STM32CubeMX_6.18.0\jre\bin\vcruntime140_1.dll
0x00007ffeb1760000 - 0x00007ffeb17ed000 	D:\ST\STM32CubeMX_6.18.0\jre\bin\msvcp140.dll
0x00007ffea4a40000 - 0x00007ffea57e1000 	D:\ST\STM32CubeMX_6.18.0\jre\bin\server\jvm.dll
0x00007fff8d180000 - 0x00007fff8d236000 	C:\Windows\System32\ADVAPI32.dll
0x00007fff8d240000 - 0x00007fff8d2e7000 	C:\Windows\System32\sechost.dll
0x00007fff8db50000 - 0x00007fff8dc68000 	C:\Windows\System32\RPCRT4.dll
0x00007fff8d8f0000 - 0x00007fff8d970000 	C:\Windows\System32\WS2_32.dll
0x00007fff84360000 - 0x00007fff84396000 	C:\Windows\SYSTEM32\WINMM.dll
0x00007fff8a970000 - 0x00007fff8a9ce000 	C:\Windows\SYSTEM32\POWRPROF.dll
0x00007fff84850000 - 0x00007fff8485b000 	C:\Windows\SYSTEM32\VERSION.dll
0x00007fff8a950000 - 0x00007fff8a964000 	C:\Windows\SYSTEM32\UMPDC.dll
0x00007fff89f80000 - 0x00007fff89f9b000 	C:\Windows\SYSTEM32\kernel.appcore.dll
0x00007fff35e50000 - 0x00007fff35e5a000 	D:\ST\STM32CubeMX_6.18.0\jre\bin\jimage.dll
0x00007fff7d770000 - 0x00007fff7d9b2000 	C:\Windows\SYSTEM32\DBGHELP.DLL
0x00007fff8cdf0000 - 0x00007fff8d173000 	C:\Windows\System32\combase.dll
0x00007fff8e110000 - 0x00007fff8e1e9000 	C:\Windows\System32\OLEAUT32.dll
0x00007fff6f460000 - 0x00007fff6f49b000 	C:\Windows\SYSTEM32\dbgcore.DLL
0x00007fff8b840000 - 0x00007fff8b8e8000 	C:\Windows\System32\bcryptPrimitives.dll
0x00007ffefd910000 - 0x00007ffefd930000 	D:\ST\STM32CubeMX_6.18.0\jre\bin\java.dll
0x00007fff8c580000 - 0x00007fff8ccee000 	C:\Windows\System32\SHELL32.dll
0x00007fff8bd10000 - 0x00007fff8c57c000 	C:\Windows\System32\windows.storage.dll
0x00007fff8de10000 - 0x00007fff8df06000 	C:\Windows\System32\SHCORE.dll
0x00007fff8e6c0000 - 0x00007fff8e726000 	C:\Windows\System32\shlwapi.dll
0x00007fff8b150000 - 0x00007fff8b179000 	C:\Windows\SYSTEM32\profapi.dll
0x00007ffeb1480000 - 0x00007ffeb1557000 	D:\ST\STM32CubeMX_6.18.0\jre\bin\jsvml.dll
0x00007fff35410000 - 0x00007fff35420000 	D:\ST\STM32CubeMX_6.18.0\jre\bin\net.dll
0x00007fff83fa0000 - 0x00007fff840c9000 	C:\Windows\SYSTEM32\WINHTTP.dll
0x00007fff8a4d0000 - 0x00007fff8a53c000 	C:\Windows\system32\mswsock.dll
0x00007ffefd6c0000 - 0x00007ffefd6d6000 	D:\ST\STM32CubeMX_6.18.0\jre\bin\nio.dll
0x00007ffefd6a0000 - 0x00007ffefd6b8000 	D:\ST\STM32CubeMX_6.18.0\jre\bin\zip.dll
0x00007fff35350000 - 0x00007fff3535a000 	D:\ST\STM32CubeMX_6.18.0\jre\bin\management.dll
0x00007ffefd8b0000 - 0x00007ffefd8bc000 	D:\ST\STM32CubeMX_6.18.0\jre\bin\management_ext.dll
0x00007fff8e100000 - 0x00007fff8e108000 	C:\Windows\System32\PSAPI.DLL
0x00007fff82b40000 - 0x00007fff82b58000 	C:\Windows\system32\napinsp.dll
0x00007fff89a60000 - 0x00007fff89b92000 	C:\Windows\SYSTEM32\DNSAPI.dll
0x00007fff89970000 - 0x00007fff899a2000 	C:\Windows\SYSTEM32\IPHLPAPI.DLL
0x00007fff8d710000 - 0x00007fff8d71a000 	C:\Windows\System32\NSI.dll
0x00007fff82b00000 - 0x00007fff82b13000 	C:\Windows\System32\winrnr.dll
0x00007fff82ad0000 - 0x00007fff82af2000 	C:\Windows\system32\nlansp_c.dll
0x00007fff82b20000 - 0x00007fff82b36000 	C:\Windows\system32\wshbth.dll
0x0000000073ef0000 - 0x0000000073f16000 	C:\Program Files\Bonjour\mdnsNSP.dll
0x00007fff84350000 - 0x00007fff8435b000 	C:\Windows\System32\rasadhlp.dll
0x00007fff84a70000 - 0x00007fff84af6000 	C:\Windows\System32\fwpuclnt.dll
0x00007ffeb0690000 - 0x00007ffeb081f000 	D:\ST\STM32CubeMX_6.18.0\jre\bin\awt.dll
0x00007fff886a0000 - 0x00007fff88740000 	C:\Windows\SYSTEM32\apphelp.dll
0x00007fff8a9f0000 - 0x00007fff8aa0b000 	C:\Windows\SYSTEM32\CRYPTSP.dll
0x00007fff89ee0000 - 0x00007fff89f19000 	C:\Windows\system32\rsaenh.dll
0x00007fff8a580000 - 0x00007fff8a5b3000 	C:\Windows\SYSTEM32\USERENV.dll
0x00007fff8b120000 - 0x00007fff8b14a000 	C:\Windows\SYSTEM32\bcrypt.dll
0x00007fff8a940000 - 0x00007fff8a94c000 	C:\Windows\SYSTEM32\CRYPTBASE.dll
0x00007fff88cb0000 - 0x00007fff88d5a000 	C:\Windows\system32\uxtheme.dll
0x00007fff8dc70000 - 0x00007fff8ddcc000 	C:\Windows\System32\MSCTF.dll
0x00007fff8d4d0000 - 0x00007fff8d667000 	C:\Windows\System32\ole32.dll
0x00007fff88f70000 - 0x00007fff88f9f000 	C:\Windows\system32\DWMAPI.DLL
0x00007ffee32c0000 - 0x00007ffee33cf000 	C:\Windows\system32\opengl32.dll
0x00007fff84a40000 - 0x00007fff84a6d000 	C:\Windows\SYSTEM32\GLU32.dll
0x00007fff88db0000 - 0x00007fff88df5000 	C:\Windows\SYSTEM32\dxcore.dll
0x00007ffeb16d0000 - 0x00007ffeb1757000 	D:\ST\STM32CubeMX_6.18.0\jre\bin\freetype.dll
0x00007ffeb1380000 - 0x00007ffeb1472000 	D:\ST\STM32CubeMX_6.18.0\jre\bin\fontmanager.dll
0x00007ffee2630000 - 0x00007ffee2640000 	D:\ST\STM32CubeMX_6.18.0\jre\bin\verify.dll
0x00007ffee15b0000 - 0x00007ffee15b9000 	D:\ST\STM32CubeMX_6.18.0\jre\bin\prefs.dll
0x00007ffeb09f0000 - 0x00007ffeb0a31000 	C:\Users\Anton\AppData\Local\Temp\jna-63420902\jna11340198695839217949.dll
0x00007ffeaf5f0000 - 0x00007ffeaf5fe000 	D:\ST\STM32CubeMX_6.18.0\jre\bin\sunmscapi.dll
0x00007fff8ba20000 - 0x00007fff8bb98000 	C:\Windows\System32\CRYPT32.dll
0x00007fff8ab50000 - 0x00007fff8ab80000 	C:\Windows\SYSTEM32\ncrypt.dll
0x00007fff8ab00000 - 0x00007fff8ab3f000 	C:\Windows\SYSTEM32\NTASN1.dll
0x00007fff8aa50000 - 0x00007fff8aa63000 	C:\Windows\SYSTEM32\MSASN1.dll
0x00007fff8a540000 - 0x00007fff8a56f000 	C:\Windows\SYSTEM32\gpapi.dll
0x00007ffe9aef0000 - 0x00007ffe9aef9000 	D:\ST\STM32CubeMX_6.18.0\jre\bin\extnet.dll
0x00007ffe9aec0000 - 0x00007ffe9aeef000 	D:\ST\STM32CubeMX_6.18.0\jre\bin\javajpeg.dll
0x00007ffe9ae70000 - 0x00007ffe9aeb2000 	D:\ST\STM32CubeMX_6.18.0\jre\bin\lcms.dll
0x00007fff8cd00000 - 0x00007fff8cdae000 	C:\Windows\System32\clbcatq.dll
0x00007fff85e00000 - 0x00007fff8602d000 	C:\Windows\SYSTEM32\WindowsCodecs.dll
0x00007fff550c0000 - 0x00007fff5511a000 	C:\Windows\system32\dataexchange.dll
0x00007fff7d310000 - 0x00007fff7d55e000 	C:\Windows\system32\twinapi.appcore.dll
0x00007fff65b40000 - 0x00007fff65c86000 	C:\Windows\SYSTEM32\textinputframework.dll
0x00007fff8a0a0000 - 0x00007fff8a0d6000 	C:\Windows\SYSTEM32\ntmarta.dll
0x00007ffeb0270000 - 0x00007ffeb036a000 	C:\Users\Anton\AppData\Local\Temp\sqlite-3.49.1.0-35e0d858-11ec-4d61-b103-f25d492386e2-sqlitejdbc.dll
0x00007fff87bf0000 - 0x00007fff87d17000 	C:\Windows\SYSTEM32\CoreMessaging.dll
0x00007fff82560000 - 0x00007fff82842000 	C:\Windows\SYSTEM32\CoreUIComponents.dll
0x00007fff85020000 - 0x00007fff8518a000 	C:\Windows\SYSTEM32\wintypes.dll

JVMTI agents: none

dbghelp: loaded successfully - version: 4.0.5 - missing functions: none
symbol engine: initialized successfully - sym options: 0x614 - pdb path: .;D:\ST\STM32CubeMX_6.18.0\jre\bin;C:\Windows\SYSTEM32;C:\Windows\WinSxS\amd64_microsoft.windows.common-controls_6595b64144ccf1df_6.0.26100.8457_none_3e0b2faee331e92d;D:\ST\STM32CubeMX_6.18.0\jre\bin\server;C:\Program Files\Bonjour;C:\Users\Anton\AppData\Local\Temp\jna-63420902;C:\Users\Anton\AppData\Local\Temp

VM Arguments:
jvm_args: -Djavax.net.ssl.trustStoreType=WINDOWS-ROOT -Dsun.java2d.d3d=false --add-exports=java.desktop/sun.awt=ALL-UNNAMED --add-opens=java.desktop/java.awt=ALL-UNNAMED -Dfile.encoding=UTF8 
java_command: com.st.microxplorer.maingui.STM32CubeMX D:\ST\STM Projects\ADC_DAC_Display\ADC_DAC_Display.ioc
java_class_path (initial): D:\ST\STM32CubeMX_6.18.0\STM32CubeMX.exe;anything
Launcher Type: SUN_STANDARD

[Global flags]
     intx CICompilerCount                          = 12                                        {product} {ergonomic}
     uint ConcGCThreads                            = 3                                         {product} {ergonomic}
     uint G1ConcRefinementThreads                  = 13                                        {product} {ergonomic}
   size_t G1HeapRegionSize                         = 4194304                                   {product} {ergonomic}
    uintx GCDrainStackTargetSize                   = 64                                        {product} {ergonomic}
   size_t InitialHeapSize                          = 528482304                                 {product} {ergonomic}
   size_t MarkStackSize                            = 4194304                                   {product} {ergonomic}
   size_t MaxHeapSize                              = 8392802304                                {product} {ergonomic}
   size_t MaxNewSize                               = 5033164800                                {product} {ergonomic}
   size_t MinHeapDeltaBytes                        = 4194304                                   {product} {ergonomic}
   size_t MinHeapSize                              = 8388608                                   {product} {ergonomic}
    uintx NonNMethodCodeHeapSize                   = 7602480                                {pd product} {ergonomic}
    uintx NonProfiledCodeHeapSize                  = 122027880                              {pd product} {ergonomic}
    uintx ProfiledCodeHeapSize                     = 122027880                              {pd product} {ergonomic}
    uintx ReservedCodeCacheSize                    = 251658240                              {pd product} {ergonomic}
     bool SegmentedCodeCache                       = true                                      {product} {ergonomic}
   size_t SoftMaxHeapSize                          = 8392802304                             {manageable} {ergonomic}
     bool UseCompressedOops                        = true                           {product lp64_product} {ergonomic}
     bool UseG1GC                                  = true                                      {product} {ergonomic}
     bool UseLargePagesIndividualAllocation        = false                                  {pd product} {ergonomic}

Logging:
Log output configuration:
 #0: stdout all=warning uptime,level,tags foldmultilines=false
 #1: stderr all=off uptime,level,tags foldmultilines=false

Release file:
JAVA_VERSION="21.0.10" 
MODULES="java.base java.compiler java.datatransfer java.xml java.prefs java.desktop java.instrument java.logging java.management java.security.sasl java.naming java.rmi java.management.rmi java.net.http java.scripting java.security.jgss java.transaction.xa java.sql java.sql.rowset java.xml.crypto java.se java.smartcardio jdk.jfr javafx.base jdk.unsupported javafx.graphics javafx.controls javafx.fxml javafx.media jdk.unsupported.desktop javafx.swing jdk.jsobject jdk.xml.dom javafx.web jdk.accessibility jdk.internal.jvmstat jdk.attach jdk.charsets jdk.internal.opt jdk.zipfs jdk.compiler jdk.crypto.ec jdk.crypto.cryptoki jdk.crypto.mscapi jdk.dynalink jdk.internal.ed jdk.editpad jdk.httpserver jdk.incubator.vector jdk.internal.le jdk.internal.vm.ci jdk.internal.vm.compiler jdk.internal.vm.compiler.management jdk.jartool jdk.javadoc jdk.jdeps jdk.jdwp.agent jdk.jdi jdk.jlink jdk.jpackage jdk.jshell jdk.jstatd jdk.localedata jdk.management jdk.management.agent jdk.management.jfr jdk.naming.dns jdk.naming.rmi jdk.net jdk.nio.mapmode jdk.random jdk.sctp jdk.security.auth jdk.security.jgss" 

Environment Variables:
JAVA_TOOL_OPTIONS=
_JAVA_OPTIONS=
PATH=C:\Windows\system32;C:\Windows;C:\Windows\System32\Wbem;C:\Windows\System32\WindowsPowerShell\v1.0\;C:\Windows\System32\OpenSSH\;C:\Program Files\NVIDIA Corporation\NVIDIA App\NvDLISR;C:\Program Files (x86)\NVIDIA Corporation\PhysX\Common;D:\MATLAB\runtime\win64;D:\MATLAB\bin;C:\Program Files\dotnet\;D:\Programming\Git\cmd;D:\Programming\Python\Scripts\;D:\Programming\Python\;C:\Users\Anton\AppData\Local\Programs\Python\Launcher\;C:\Users\Anton\AppData\Local\Microsoft\WindowsApps;D:\Programming\Microsoft VS Code\bin;D:\ST\STM32CubeMX_6.18.0\.\jre\\bin
USERNAME=Anton
OS=Windows_NT
PROCESSOR_IDENTIFIER=AMD64 Family 25 Model 117 Stepping 2, AuthenticAMD
TMP=C:\Users\Anton\AppData\Local\Temp
TEMP=C:\Users\Anton\AppData\Local\Temp




Periodic native trim disabled

---------------  S Y S T E M  ---------------

OS:
 Windows 11 , 64 bit Build 26100 (10.0.26100.8328)
OS uptime: 0 days 1:22 hours
Hyper-V role detected

CPU: total 16 (initial active 16) (16 cores per cpu, 2 threads per core) family 25 model 117 stepping 2 microcode 0xa705203, cx8, cmov, fxsr, ht, mmx, 3dnowpref, sse, sse2, sse3, ssse3, sse4a, sse4.1, sse4.2, popcnt, lzcnt, tsc, tscinvbit, avx, avx2, aes, erms, clmul, bmi1, bmi2, adx, avx512f, avx512dq, avx512cd, avx512bw, avx512vl, sha, fma, vzeroupper, avx512_vpopcntdq, avx512_vpclmulqdq, avx512_vaes, avx512_vnni, clflush, clflushopt, avx512_vbmi2, avx512_vbmi, hv, rdtscp, rdpid, fsrm, gfni, avx512_bitalg, f16c, cet_ss, avx512_ifma
Processor Information for the first 16 processors :
  Max Mhz: 3801, Current Mhz: 3801, Mhz Limit: 3801

Memory: 4k page, system-wide physical 32000M (3661M free)
TotalPageFile size 34048M (AvailPageFile size 209M)
current process WorkingSet (physical memory assigned to process): 1317M, peak: 1319M
current process commit charge ("private bytes"): 1364M, peak: 1672M

vm_info: OpenJDK 64-Bit Server VM (21.0.10+7-LTS) for windows-amd64 JRE (21.0.10+7-LTS), built on 2026-01-20T00:00:00Z by "admin" with MS VC++ 17.12 (VS2022)

END.
