../Core/Src/App/3d_filled_vector.c:125:5:checkButton	16	static
../Core/Src/App/3d_filled_vector.c:175:5:handleButton	8	static
../Core/Src/App/gfx3d.h:51:5:fastSin	16	static
../Core/Src/App/gfx3d.h:65:5:fastCos	16	static
../Core/Src/App/gfx3d.h:127:6:rasterize	48	static
../Core/Src/App/gfx3d.h:163:6:drawQuad	104	static
../Core/Src/App/gfx3d.h:184:6:drawTri	104	static
../Core/Src/App/gfx3d.h:204:6:cullQuads	80	dynamic
../Core/Src/App/gfx3d.h:252:6:cullTris	80	dynamic
../Core/Src/App/gfx3d.h:295:6:drawQuads	96	static
../Core/Src/App/gfx3d.h:317:6:drawTris	72	static
../Core/Src/App/gfx3d.h:339:6:backgroundChecker	40	static
../Core/Src/App/gfx3d.h:356:6:backgroundPattern	32	static
../Core/Src/App/gfx3d.h:378:6:initStar	16	static
../Core/Src/App/gfx3d.h:392:6:updateStars	16	static
../Core/Src/App/gfx3d.h:422:6:initStars	16	static
../Core/Src/App/gfx3d.h:434:6:backgroundStars	40	static
../Core/Src/App/gfx3d.h:460:6:render3D	80	static
../Core/Src/App/3d_filled_vector.c:196:6:setup	16	static
../Core/Src/App/3d_filled_vector.c:226:6:showStats	32	static
../Core/Src/App/3d_filled_vector.c:276:6:loop	8	static
../Core/Src/App/3d_filled_vector.c:427:6:mainApp	8	static
